copy_begin shard=0 public.t
vgtid gen=7 {0:1000} copy[0 done= cur=public.t@]
relation public.t identity=d cols=id:23:true,v:23:false
row shard=0 INSERT public.t new=[1,NULL] copy
row shard=0 INSERT public.t new=[2,NULL] copy
vgtid gen=7 {0:1000} copy[0 done= cur=public.t@["2"]]
row shard=0 INSERT public.t new=[3,NULL] copy
vgtid gen=7 {0:1000} copy[0 done= cur=public.t@["3"]]
copy_completed shard=0 public.t
vgtid gen=7 {0:1000} copy[0 done=public.t cur=-]
copy_begin shard=0 public.u
vgtid gen=7 {0:1000} copy[0 done=public.t cur=public.u@]
copy_completed shard=0 public.u
vgtid gen=7 {0:1000} copy[0 done=public.t,public.u cur=-]
copy_completed shard=0
vgtid gen=7 {0:1000}
copy_completed stream
begin shard=0 xid=1 ts=1
row shard=0 INSERT public.t new=[4,x]
commit shard=0 lsn=1092 end=1100
vgtid gen=7 {0:1100}
