StreamStart xid=706 first=true
Relation[xid=706] id=16406 public.s identity=d cols=[*id:23(-1) v:25(-1)]
Insert[xid=706] rel=16406 new=("1","yyyyyyyyyyyyyyyyyyyy...(100 bytes)")
Insert[xid=706] rel=16406 new=("2","yyyyyyyyyyyyyyyyyyyy...(100 bytes)")
Insert[xid=706] rel=16406 new=("3","yyyyyyyyyyyyyyyyyyyy...(100 bytes)")
Insert[xid=706] rel=16406 new=("4","yyyyyyyyyyyyyyyyyyyy...(100 bytes)")
Insert[xid=706] rel=16406 new=("5","yyyyyyyyyyyyyyyyyyyy...(100 bytes)")
Insert[xid=706] rel=16406 new=("6","yyyyyyyyyyyyyyyyyyyy...(100 bytes)")
Insert[xid=706] rel=16406 new=("7","yyyyyyyyyyyyyyyyyyyy...(100 bytes)")
Insert[xid=706] rel=16406 new=("8","yyyyyyyyyyyyyyyyyyyy...(100 bytes)")
Insert[xid=706] rel=16406 new=("9","yyyyyyyyyyyyyyyyyyyy...(100 bytes)")
Insert[xid=706] rel=16406 new=("10","yyyyyyyyyyyyyyyyyyyy...(100 bytes)")
Insert[xid=706] rel=16406 new=("11","yyyyyyyyyyyyyyyyyyyy...(100 bytes)")
Insert[xid=706] rel=16406 new=("12","yyyyyyyyyyyyyyyyyyyy...(100 bytes)")
Insert[xid=706] rel=16406 new=("13","yyyyyyyyyyyyyyyyyyyy...(100 bytes)")
Insert[xid=706] rel=16406 new=("14","yyyyyyyyyyyyyyyyyyyy...(100 bytes)")
Insert[xid=706] rel=16406 new=("15","yyyyyyyyyyyyyyyyyyyy...(100 bytes)")
Insert[xid=706] rel=16406 new=("16","yyyyyyyyyyyyyyyyyyyy...(100 bytes)")
Insert[xid=706] rel=16406 new=("17","yyyyyyyyyyyyyyyyyyyy...(100 bytes)")
Insert[xid=706] rel=16406 new=("18","yyyyyyyyyyyyyyyyyyyy...(100 bytes)")
Insert[xid=706] rel=16406 new=("19","yyyyyyyyyyyyyyyyyyyy...(100 bytes)")
Insert[xid=706] rel=16406 new=("20","yyyyyyyyyyyyyyyyyyyy...(100 bytes)")
Insert[xid=706] rel=16406 new=("21","yyyyyyyyyyyyyyyyyyyy...(100 bytes)")
Insert[xid=706] rel=16406 new=("22","yyyyyyyyyyyyyyyyyyyy...(100 bytes)")
Insert[xid=706] rel=16406 new=("23","yyyyyyyyyyyyyyyyyyyy...(100 bytes)")
Insert[xid=706] rel=16406 new=("24","yyyyyyyyyyyyyyyyyyyy...(100 bytes)")
Insert[xid=706] rel=16406 new=("25","yyyyyyyyyyyyyyyyyyyy...(100 bytes)")
Insert[xid=706] rel=16406 new=("26","yyyyyyyyyyyyyyyyyyyy...(100 bytes)")
Insert[xid=706] rel=16406 new=("27","yyyyyyyyyyyyyyyyyyyy...(100 bytes)")
Insert[xid=706] rel=16406 new=("28","yyyyyyyyyyyyyyyyyyyy...(100 bytes)")
Insert[xid=706] rel=16406 new=("29","yyyyyyyyyyyyyyyyyyyy...(100 bytes)")
Insert[xid=706] rel=16406 new=("30","yyyyyyyyyyyyyyyyyyyy...(100 bytes)")
Insert[xid=706] rel=16406 new=("31","yyyyyyyyyyyyyyyyyyyy...(100 bytes)")
Insert[xid=706] rel=16406 new=("32","yyyyyyyyyyyyyyyyyyyy...(100 bytes)")
Insert[xid=706] rel=16406 new=("33","yyyyyyyyyyyyyyyyyyyy...(100 bytes)")
Insert[xid=706] rel=16406 new=("34","yyyyyyyyyyyyyyyyyyyy...(100 bytes)")
Insert[xid=706] rel=16406 new=("35","yyyyyyyyyyyyyyyyyyyy...(100 bytes)")
Insert[xid=706] rel=16406 new=("36","yyyyyyyyyyyyyyyyyyyy...(100 bytes)")
Insert[xid=706] rel=16406 new=("37","yyyyyyyyyyyyyyyyyyyy...(100 bytes)")
Insert[xid=706] rel=16406 new=("38","yyyyyyyyyyyyyyyyyyyy...(100 bytes)")
Insert[xid=706] rel=16406 new=("39","yyyyyyyyyyyyyyyyyyyy...(100 bytes)")
Insert[xid=706] rel=16406 new=("40","yyyyyyyyyyyyyyyyyyyy...(100 bytes)")
Insert[xid=706] rel=16406 new=("41","yyyyyyyyyyyyyyyyyyyy...(100 bytes)")
Insert[xid=706] rel=16406 new=("42","yyyyyyyyyyyyyyyyyyyy...(100 bytes)")
Insert[xid=706] rel=16406 new=("43","yyyyyyyyyyyyyyyyyyyy...(100 bytes)")
Insert[xid=706] rel=16406 new=("44","yyyyyyyyyyyyyyyyyyyy...(100 bytes)")
Insert[xid=706] rel=16406 new=("45","yyyyyyyyyyyyyyyyyyyy...(100 bytes)")
Insert[xid=706] rel=16406 new=("46","yyyyyyyyyyyyyyyyyyyy...(100 bytes)")
Insert[xid=706] rel=16406 new=("47","yyyyyyyyyyyyyyyyyyyy...(100 bytes)")
Insert[xid=706] rel=16406 new=("48","yyyyyyyyyyyyyyyyyyyy...(100 bytes)")
Insert[xid=706] rel=16406 new=("49","yyyyyyyyyyyyyyyyyyyy...(100 bytes)")
Insert[xid=706] rel=16406 new=("50","yyyyyyyyyyyyyyyyyyyy...(100 bytes)")
Insert[xid=706] rel=16406 new=("51","yyyyyyyyyyyyyyyyyyyy...(100 bytes)")
Insert[xid=706] rel=16406 new=("52","yyyyyyyyyyyyyyyyyyyy...(100 bytes)")
Insert[xid=706] rel=16406 new=("53","yyyyyyyyyyyyyyyyyyyy...(100 bytes)")
Insert[xid=706] rel=16406 new=("54","yyyyyyyyyyyyyyyyyyyy...(100 bytes)")
Insert[xid=706] rel=16406 new=("55","yyyyyyyyyyyyyyyyyyyy...(100 bytes)")
Insert[xid=706] rel=16406 new=("56","yyyyyyyyyyyyyyyyyyyy...(100 bytes)")
Insert[xid=706] rel=16406 new=("57","yyyyyyyyyyyyyyyyyyyy...(100 bytes)")
Insert[xid=706] rel=16406 new=("58","yyyyyyyyyyyyyyyyyyyy...(100 bytes)")
Insert[xid=706] rel=16406 new=("59","yyyyyyyyyyyyyyyyyyyy...(100 bytes)")
Insert[xid=706] rel=16406 new=("60","yyyyyyyyyyyyyyyyyyyy...(100 bytes)")
Insert[xid=706] rel=16406 new=("61","yyyyyyyyyyyyyyyyyyyy...(100 bytes)")
Insert[xid=706] rel=16406 new=("62","yyyyyyyyyyyyyyyyyyyy...(100 bytes)")
Insert[xid=706] rel=16406 new=("63","yyyyyyyyyyyyyyyyyyyy...(100 bytes)")
Insert[xid=706] rel=16406 new=("64","yyyyyyyyyyyyyyyyyyyy...(100 bytes)")
Insert[xid=706] rel=16406 new=("65","yyyyyyyyyyyyyyyyyyyy...(100 bytes)")
Insert[xid=706] rel=16406 new=("66","yyyyyyyyyyyyyyyyyyyy...(100 bytes)")
Insert[xid=706] rel=16406 new=("67","yyyyyyyyyyyyyyyyyyyy...(100 bytes)")
Insert[xid=706] rel=16406 new=("68","yyyyyyyyyyyyyyyyyyyy...(100 bytes)")
Insert[xid=706] rel=16406 new=("69","yyyyyyyyyyyyyyyyyyyy...(100 bytes)")
Insert[xid=706] rel=16406 new=("70","yyyyyyyyyyyyyyyyyyyy...(100 bytes)")
Insert[xid=706] rel=16406 new=("71","yyyyyyyyyyyyyyyyyyyy...(100 bytes)")
Insert[xid=706] rel=16406 new=("72","yyyyyyyyyyyyyyyyyyyy...(100 bytes)")
Insert[xid=706] rel=16406 new=("73","yyyyyyyyyyyyyyyyyyyy...(100 bytes)")
Insert[xid=706] rel=16406 new=("74","yyyyyyyyyyyyyyyyyyyy...(100 bytes)")
Insert[xid=706] rel=16406 new=("75","yyyyyyyyyyyyyyyyyyyy...(100 bytes)")
Insert[xid=706] rel=16406 new=("76","yyyyyyyyyyyyyyyyyyyy...(100 bytes)")
Insert[xid=706] rel=16406 new=("77","yyyyyyyyyyyyyyyyyyyy...(100 bytes)")
Insert[xid=706] rel=16406 new=("78","yyyyyyyyyyyyyyyyyyyy...(100 bytes)")
Insert[xid=706] rel=16406 new=("79","yyyyyyyyyyyyyyyyyyyy...(100 bytes)")
Insert[xid=706] rel=16406 new=("80","yyyyyyyyyyyyyyyyyyyy...(100 bytes)")
Insert[xid=706] rel=16406 new=("81","yyyyyyyyyyyyyyyyyyyy...(100 bytes)")
Insert[xid=706] rel=16406 new=("82","yyyyyyyyyyyyyyyyyyyy...(100 bytes)")
Insert[xid=706] rel=16406 new=("83","yyyyyyyyyyyyyyyyyyyy...(100 bytes)")
Insert[xid=706] rel=16406 new=("84","yyyyyyyyyyyyyyyyyyyy...(100 bytes)")
Insert[xid=706] rel=16406 new=("85","yyyyyyyyyyyyyyyyyyyy...(100 bytes)")
Insert[xid=706] rel=16406 new=("86","yyyyyyyyyyyyyyyyyyyy...(100 bytes)")
Insert[xid=706] rel=16406 new=("87","yyyyyyyyyyyyyyyyyyyy...(100 bytes)")
Insert[xid=706] rel=16406 new=("88","yyyyyyyyyyyyyyyyyyyy...(100 bytes)")
Insert[xid=706] rel=16406 new=("89","yyyyyyyyyyyyyyyyyyyy...(100 bytes)")
Insert[xid=706] rel=16406 new=("90","yyyyyyyyyyyyyyyyyyyy...(100 bytes)")
Insert[xid=706] rel=16406 new=("91","yyyyyyyyyyyyyyyyyyyy...(100 bytes)")
Insert[xid=706] rel=16406 new=("92","yyyyyyyyyyyyyyyyyyyy...(100 bytes)")
Insert[xid=706] rel=16406 new=("93","yyyyyyyyyyyyyyyyyyyy...(100 bytes)")
Insert[xid=706] rel=16406 new=("94","yyyyyyyyyyyyyyyyyyyy...(100 bytes)")
Insert[xid=706] rel=16406 new=("95","yyyyyyyyyyyyyyyyyyyy...(100 bytes)")
Insert[xid=706] rel=16406 new=("96","yyyyyyyyyyyyyyyyyyyy...(100 bytes)")
Insert[xid=706] rel=16406 new=("97","yyyyyyyyyyyyyyyyyyyy...(100 bytes)")
Insert[xid=706] rel=16406 new=("98","yyyyyyyyyyyyyyyyyyyy...(100 bytes)")
Insert[xid=706] rel=16406 new=("99","yyyyyyyyyyyyyyyyyyyy...(100 bytes)")
Insert[xid=706] rel=16406 new=("100","yyyyyyyyyyyyyyyyyyyy...(100 bytes)")
Insert[xid=706] rel=16406 new=("101","yyyyyyyyyyyyyyyyyyyy...(100 bytes)")
Insert[xid=706] rel=16406 new=("102","yyyyyyyyyyyyyyyyyyyy...(100 bytes)")
Insert[xid=706] rel=16406 new=("103","yyyyyyyyyyyyyyyyyyyy...(100 bytes)")
Insert[xid=706] rel=16406 new=("104","yyyyyyyyyyyyyyyyyyyy...(100 bytes)")
Insert[xid=706] rel=16406 new=("105","yyyyyyyyyyyyyyyyyyyy...(100 bytes)")
Insert[xid=706] rel=16406 new=("106","yyyyyyyyyyyyyyyyyyyy...(100 bytes)")
Insert[xid=706] rel=16406 new=("107","yyyyyyyyyyyyyyyyyyyy...(100 bytes)")
Insert[xid=706] rel=16406 new=("108","yyyyyyyyyyyyyyyyyyyy...(100 bytes)")
Insert[xid=706] rel=16406 new=("109","yyyyyyyyyyyyyyyyyyyy...(100 bytes)")
Insert[xid=706] rel=16406 new=("110","yyyyyyyyyyyyyyyyyyyy...(100 bytes)")
Insert[xid=706] rel=16406 new=("111","yyyyyyyyyyyyyyyyyyyy...(100 bytes)")
Insert[xid=706] rel=16406 new=("112","yyyyyyyyyyyyyyyyyyyy...(100 bytes)")
Insert[xid=706] rel=16406 new=("113","yyyyyyyyyyyyyyyyyyyy...(100 bytes)")
Insert[xid=706] rel=16406 new=("114","yyyyyyyyyyyyyyyyyyyy...(100 bytes)")
Insert[xid=706] rel=16406 new=("115","yyyyyyyyyyyyyyyyyyyy...(100 bytes)")
Insert[xid=706] rel=16406 new=("116","yyyyyyyyyyyyyyyyyyyy...(100 bytes)")
Insert[xid=706] rel=16406 new=("117","yyyyyyyyyyyyyyyyyyyy...(100 bytes)")
Insert[xid=706] rel=16406 new=("118","yyyyyyyyyyyyyyyyyyyy...(100 bytes)")
Insert[xid=706] rel=16406 new=("119","yyyyyyyyyyyyyyyyyyyy...(100 bytes)")
Insert[xid=706] rel=16406 new=("120","yyyyyyyyyyyyyyyyyyyy...(100 bytes)")
Insert[xid=706] rel=16406 new=("121","yyyyyyyyyyyyyyyyyyyy...(100 bytes)")
Insert[xid=706] rel=16406 new=("122","yyyyyyyyyyyyyyyyyyyy...(100 bytes)")
Insert[xid=706] rel=16406 new=("123","yyyyyyyyyyyyyyyyyyyy...(100 bytes)")
Insert[xid=706] rel=16406 new=("124","yyyyyyyyyyyyyyyyyyyy...(100 bytes)")
Insert[xid=706] rel=16406 new=("125","yyyyyyyyyyyyyyyyyyyy...(100 bytes)")
Insert[xid=706] rel=16406 new=("126","yyyyyyyyyyyyyyyyyyyy...(100 bytes)")
Insert[xid=706] rel=16406 new=("127","yyyyyyyyyyyyyyyyyyyy...(100 bytes)")
Insert[xid=706] rel=16406 new=("128","yyyyyyyyyyyyyyyyyyyy...(100 bytes)")
Insert[xid=706] rel=16406 new=("129","yyyyyyyyyyyyyyyyyyyy...(100 bytes)")
Insert[xid=706] rel=16406 new=("130","yyyyyyyyyyyyyyyyyyyy...(100 bytes)")
Insert[xid=706] rel=16406 new=("131","yyyyyyyyyyyyyyyyyyyy...(100 bytes)")
Insert[xid=706] rel=16406 new=("132","yyyyyyyyyyyyyyyyyyyy...(100 bytes)")
Insert[xid=706] rel=16406 new=("133","yyyyyyyyyyyyyyyyyyyy...(100 bytes)")
Insert[xid=706] rel=16406 new=("134","yyyyyyyyyyyyyyyyyyyy...(100 bytes)")
Insert[xid=706] rel=16406 new=("135","yyyyyyyyyyyyyyyyyyyy...(100 bytes)")
Insert[xid=706] rel=16406 new=("136","yyyyyyyyyyyyyyyyyyyy...(100 bytes)")
Insert[xid=706] rel=16406 new=("137","yyyyyyyyyyyyyyyyyyyy...(100 bytes)")
Insert[xid=706] rel=16406 new=("138","yyyyyyyyyyyyyyyyyyyy...(100 bytes)")
Insert[xid=706] rel=16406 new=("139","yyyyyyyyyyyyyyyyyyyy...(100 bytes)")
Insert[xid=706] rel=16406 new=("140","yyyyyyyyyyyyyyyyyyyy...(100 bytes)")
Insert[xid=706] rel=16406 new=("141","yyyyyyyyyyyyyyyyyyyy...(100 bytes)")
Insert[xid=706] rel=16406 new=("142","yyyyyyyyyyyyyyyyyyyy...(100 bytes)")
Insert[xid=706] rel=16406 new=("143","yyyyyyyyyyyyyyyyyyyy...(100 bytes)")
Insert[xid=706] rel=16406 new=("144","yyyyyyyyyyyyyyyyyyyy...(100 bytes)")
Insert[xid=706] rel=16406 new=("145","yyyyyyyyyyyyyyyyyyyy...(100 bytes)")
Insert[xid=706] rel=16406 new=("146","yyyyyyyyyyyyyyyyyyyy...(100 bytes)")
Insert[xid=706] rel=16406 new=("147","yyyyyyyyyyyyyyyyyyyy...(100 bytes)")
Insert[xid=706] rel=16406 new=("148","yyyyyyyyyyyyyyyyyyyy...(100 bytes)")
Insert[xid=706] rel=16406 new=("149","yyyyyyyyyyyyyyyyyyyy...(100 bytes)")
Insert[xid=706] rel=16406 new=("150","yyyyyyyyyyyyyyyyyyyy...(100 bytes)")
Insert[xid=706] rel=16406 new=("151","yyyyyyyyyyyyyyyyyyyy...(100 bytes)")
Insert[xid=706] rel=16406 new=("152","yyyyyyyyyyyyyyyyyyyy...(100 bytes)")
Insert[xid=706] rel=16406 new=("153","yyyyyyyyyyyyyyyyyyyy...(100 bytes)")
Insert[xid=706] rel=16406 new=("154","yyyyyyyyyyyyyyyyyyyy...(100 bytes)")
Insert[xid=706] rel=16406 new=("155","yyyyyyyyyyyyyyyyyyyy...(100 bytes)")
Insert[xid=706] rel=16406 new=("156","yyyyyyyyyyyyyyyyyyyy...(100 bytes)")
Insert[xid=706] rel=16406 new=("157","yyyyyyyyyyyyyyyyyyyy...(100 bytes)")
Insert[xid=706] rel=16406 new=("158","yyyyyyyyyyyyyyyyyyyy...(100 bytes)")
Insert[xid=706] rel=16406 new=("159","yyyyyyyyyyyyyyyyyyyy...(100 bytes)")
Insert[xid=706] rel=16406 new=("160","yyyyyyyyyyyyyyyyyyyy...(100 bytes)")
Insert[xid=706] rel=16406 new=("161","yyyyyyyyyyyyyyyyyyyy...(100 bytes)")
Insert[xid=706] rel=16406 new=("162","yyyyyyyyyyyyyyyyyyyy...(100 bytes)")
Insert[xid=706] rel=16406 new=("163","yyyyyyyyyyyyyyyyyyyy...(100 bytes)")
Insert[xid=706] rel=16406 new=("164","yyyyyyyyyyyyyyyyyyyy...(100 bytes)")
Insert[xid=706] rel=16406 new=("165","yyyyyyyyyyyyyyyyyyyy...(100 bytes)")
Insert[xid=706] rel=16406 new=("166","yyyyyyyyyyyyyyyyyyyy...(100 bytes)")
Insert[xid=706] rel=16406 new=("167","yyyyyyyyyyyyyyyyyyyy...(100 bytes)")
Insert[xid=706] rel=16406 new=("168","yyyyyyyyyyyyyyyyyyyy...(100 bytes)")
Insert[xid=706] rel=16406 new=("169","yyyyyyyyyyyyyyyyyyyy...(100 bytes)")
Insert[xid=706] rel=16406 new=("170","yyyyyyyyyyyyyyyyyyyy...(100 bytes)")
Insert[xid=706] rel=16406 new=("171","yyyyyyyyyyyyyyyyyyyy...(100 bytes)")
Insert[xid=706] rel=16406 new=("172","yyyyyyyyyyyyyyyyyyyy...(100 bytes)")
Insert[xid=706] rel=16406 new=("173","yyyyyyyyyyyyyyyyyyyy...(100 bytes)")
Insert[xid=706] rel=16406 new=("174","yyyyyyyyyyyyyyyyyyyy...(100 bytes)")
Insert[xid=706] rel=16406 new=("175","yyyyyyyyyyyyyyyyyyyy...(100 bytes)")
Insert[xid=706] rel=16406 new=("176","yyyyyyyyyyyyyyyyyyyy...(100 bytes)")
Insert[xid=706] rel=16406 new=("177","yyyyyyyyyyyyyyyyyyyy...(100 bytes)")
Insert[xid=706] rel=16406 new=("178","yyyyyyyyyyyyyyyyyyyy...(100 bytes)")
Insert[xid=706] rel=16406 new=("179","yyyyyyyyyyyyyyyyyyyy...(100 bytes)")
Insert[xid=706] rel=16406 new=("180","yyyyyyyyyyyyyyyyyyyy...(100 bytes)")
Insert[xid=706] rel=16406 new=("181","yyyyyyyyyyyyyyyyyyyy...(100 bytes)")
Insert[xid=706] rel=16406 new=("182","yyyyyyyyyyyyyyyyyyyy...(100 bytes)")
Insert[xid=706] rel=16406 new=("183","yyyyyyyyyyyyyyyyyyyy...(100 bytes)")
Insert[xid=706] rel=16406 new=("184","yyyyyyyyyyyyyyyyyyyy...(100 bytes)")
Insert[xid=706] rel=16406 new=("185","yyyyyyyyyyyyyyyyyyyy...(100 bytes)")
Insert[xid=706] rel=16406 new=("186","yyyyyyyyyyyyyyyyyyyy...(100 bytes)")
Insert[xid=706] rel=16406 new=("187","yyyyyyyyyyyyyyyyyyyy...(100 bytes)")
Insert[xid=706] rel=16406 new=("188","yyyyyyyyyyyyyyyyyyyy...(100 bytes)")
Insert[xid=706] rel=16406 new=("189","yyyyyyyyyyyyyyyyyyyy...(100 bytes)")
Insert[xid=706] rel=16406 new=("190","yyyyyyyyyyyyyyyyyyyy...(100 bytes)")
Insert[xid=706] rel=16406 new=("191","yyyyyyyyyyyyyyyyyyyy...(100 bytes)")
Insert[xid=706] rel=16406 new=("192","yyyyyyyyyyyyyyyyyyyy...(100 bytes)")
Insert[xid=706] rel=16406 new=("193","yyyyyyyyyyyyyyyyyyyy...(100 bytes)")
Insert[xid=706] rel=16406 new=("194","yyyyyyyyyyyyyyyyyyyy...(100 bytes)")
Insert[xid=706] rel=16406 new=("195","yyyyyyyyyyyyyyyyyyyy...(100 bytes)")
Insert[xid=706] rel=16406 new=("196","yyyyyyyyyyyyyyyyyyyy...(100 bytes)")
Insert[xid=706] rel=16406 new=("197","yyyyyyyyyyyyyyyyyyyy...(100 bytes)")
Insert[xid=706] rel=16406 new=("198","yyyyyyyyyyyyyyyyyyyy...(100 bytes)")
Insert[xid=706] rel=16406 new=("199","yyyyyyyyyyyyyyyyyyyy...(100 bytes)")
Insert[xid=706] rel=16406 new=("200","yyyyyyyyyyyyyyyyyyyy...(100 bytes)")
Insert[xid=706] rel=16406 new=("201","yyyyyyyyyyyyyyyyyyyy...(100 bytes)")
Insert[xid=706] rel=16406 new=("202","yyyyyyyyyyyyyyyyyyyy...(100 bytes)")
Insert[xid=706] rel=16406 new=("203","yyyyyyyyyyyyyyyyyyyy...(100 bytes)")
Insert[xid=706] rel=16406 new=("204","yyyyyyyyyyyyyyyyyyyy...(100 bytes)")
Insert[xid=706] rel=16406 new=("205","yyyyyyyyyyyyyyyyyyyy...(100 bytes)")
Insert[xid=706] rel=16406 new=("206","yyyyyyyyyyyyyyyyyyyy...(100 bytes)")
Insert[xid=706] rel=16406 new=("207","yyyyyyyyyyyyyyyyyyyy...(100 bytes)")
Insert[xid=706] rel=16406 new=("208","yyyyyyyyyyyyyyyyyyyy...(100 bytes)")
Insert[xid=706] rel=16406 new=("209","yyyyyyyyyyyyyyyyyyyy...(100 bytes)")
Insert[xid=706] rel=16406 new=("210","yyyyyyyyyyyyyyyyyyyy...(100 bytes)")
Insert[xid=706] rel=16406 new=("211","yyyyyyyyyyyyyyyyyyyy...(100 bytes)")
Insert[xid=706] rel=16406 new=("212","yyyyyyyyyyyyyyyyyyyy...(100 bytes)")
Insert[xid=706] rel=16406 new=("213","yyyyyyyyyyyyyyyyyyyy...(100 bytes)")
Insert[xid=706] rel=16406 new=("214","yyyyyyyyyyyyyyyyyyyy...(100 bytes)")
Insert[xid=706] rel=16406 new=("215","yyyyyyyyyyyyyyyyyyyy...(100 bytes)")
Insert[xid=706] rel=16406 new=("216","yyyyyyyyyyyyyyyyyyyy...(100 bytes)")
Insert[xid=706] rel=16406 new=("217","yyyyyyyyyyyyyyyyyyyy...(100 bytes)")
Insert[xid=706] rel=16406 new=("218","yyyyyyyyyyyyyyyyyyyy...(100 bytes)")
Insert[xid=706] rel=16406 new=("219","yyyyyyyyyyyyyyyyyyyy...(100 bytes)")
Insert[xid=706] rel=16406 new=("220","yyyyyyyyyyyyyyyyyyyy...(100 bytes)")
Insert[xid=706] rel=16406 new=("221","yyyyyyyyyyyyyyyyyyyy...(100 bytes)")
Insert[xid=706] rel=16406 new=("222","yyyyyyyyyyyyyyyyyyyy...(100 bytes)")
Insert[xid=706] rel=16406 new=("223","yyyyyyyyyyyyyyyyyyyy...(100 bytes)")
Insert[xid=706] rel=16406 new=("224","yyyyyyyyyyyyyyyyyyyy...(100 bytes)")
Insert[xid=706] rel=16406 new=("225","yyyyyyyyyyyyyyyyyyyy...(100 bytes)")
Insert[xid=706] rel=16406 new=("226","yyyyyyyyyyyyyyyyyyyy...(100 bytes)")
Insert[xid=706] rel=16406 new=("227","yyyyyyyyyyyyyyyyyyyy...(100 bytes)")
Insert[xid=706] rel=16406 new=("228","yyyyyyyyyyyyyyyyyyyy...(100 bytes)")
Insert[xid=706] rel=16406 new=("229","yyyyyyyyyyyyyyyyyyyy...(100 bytes)")
Insert[xid=706] rel=16406 new=("230","yyyyyyyyyyyyyyyyyyyy...(100 bytes)")
Insert[xid=706] rel=16406 new=("231","yyyyyyyyyyyyyyyyyyyy...(100 bytes)")
Insert[xid=706] rel=16406 new=("232","yyyyyyyyyyyyyyyyyyyy...(100 bytes)")
Insert[xid=706] rel=16406 new=("233","yyyyyyyyyyyyyyyyyyyy...(100 bytes)")
Insert[xid=706] rel=16406 new=("234","yyyyyyyyyyyyyyyyyyyy...(100 bytes)")
Insert[xid=706] rel=16406 new=("235","yyyyyyyyyyyyyyyyyyyy...(100 bytes)")
Insert[xid=706] rel=16406 new=("236","yyyyyyyyyyyyyyyyyyyy...(100 bytes)")
Insert[xid=706] rel=16406 new=("237","yyyyyyyyyyyyyyyyyyyy...(100 bytes)")
Insert[xid=706] rel=16406 new=("238","yyyyyyyyyyyyyyyyyyyy...(100 bytes)")
Insert[xid=706] rel=16406 new=("239","yyyyyyyyyyyyyyyyyyyy...(100 bytes)")
Insert[xid=706] rel=16406 new=("240","yyyyyyyyyyyyyyyyyyyy...(100 bytes)")
Insert[xid=706] rel=16406 new=("241","yyyyyyyyyyyyyyyyyyyy...(100 bytes)")
Insert[xid=706] rel=16406 new=("242","yyyyyyyyyyyyyyyyyyyy...(100 bytes)")
Insert[xid=706] rel=16406 new=("243","yyyyyyyyyyyyyyyyyyyy...(100 bytes)")
Insert[xid=706] rel=16406 new=("244","yyyyyyyyyyyyyyyyyyyy...(100 bytes)")
Insert[xid=706] rel=16406 new=("245","yyyyyyyyyyyyyyyyyyyy...(100 bytes)")
Insert[xid=706] rel=16406 new=("246","yyyyyyyyyyyyyyyyyyyy...(100 bytes)")
Insert[xid=706] rel=16406 new=("247","yyyyyyyyyyyyyyyyyyyy...(100 bytes)")
Insert[xid=706] rel=16406 new=("248","yyyyyyyyyyyyyyyyyyyy...(100 bytes)")
Insert[xid=706] rel=16406 new=("249","yyyyyyyyyyyyyyyyyyyy...(100 bytes)")
Insert[xid=706] rel=16406 new=("250","yyyyyyyyyyyyyyyyyyyy...(100 bytes)")
Insert[xid=706] rel=16406 new=("251","yyyyyyyyyyyyyyyyyyyy...(100 bytes)")
Insert[xid=706] rel=16406 new=("252","yyyyyyyyyyyyyyyyyyyy...(100 bytes)")
Insert[xid=706] rel=16406 new=("253","yyyyyyyyyyyyyyyyyyyy...(100 bytes)")
Insert[xid=706] rel=16406 new=("254","yyyyyyyyyyyyyyyyyyyy...(100 bytes)")
Insert[xid=706] rel=16406 new=("255","yyyyyyyyyyyyyyyyyyyy...(100 bytes)")
Insert[xid=706] rel=16406 new=("256","yyyyyyyyyyyyyyyyyyyy...(100 bytes)")
Insert[xid=706] rel=16406 new=("257","yyyyyyyyyyyyyyyyyyyy...(100 bytes)")
Insert[xid=706] rel=16406 new=("258","yyyyyyyyyyyyyyyyyyyy...(100 bytes)")
Insert[xid=706] rel=16406 new=("259","yyyyyyyyyyyyyyyyyyyy...(100 bytes)")
Insert[xid=706] rel=16406 new=("260","yyyyyyyyyyyyyyyyyyyy...(100 bytes)")
Insert[xid=706] rel=16406 new=("261","yyyyyyyyyyyyyyyyyyyy...(100 bytes)")
Insert[xid=706] rel=16406 new=("262","yyyyyyyyyyyyyyyyyyyy...(100 bytes)")
Insert[xid=706] rel=16406 new=("263","yyyyyyyyyyyyyyyyyyyy...(100 bytes)")
Insert[xid=706] rel=16406 new=("264","yyyyyyyyyyyyyyyyyyyy...(100 bytes)")
Insert[xid=706] rel=16406 new=("265","yyyyyyyyyyyyyyyyyyyy...(100 bytes)")
Insert[xid=706] rel=16406 new=("266","yyyyyyyyyyyyyyyyyyyy...(100 bytes)")
Insert[xid=706] rel=16406 new=("267","yyyyyyyyyyyyyyyyyyyy...(100 bytes)")
Insert[xid=706] rel=16406 new=("268","yyyyyyyyyyyyyyyyyyyy...(100 bytes)")
Insert[xid=706] rel=16406 new=("269","yyyyyyyyyyyyyyyyyyyy...(100 bytes)")
Insert[xid=706] rel=16406 new=("270","yyyyyyyyyyyyyyyyyyyy...(100 bytes)")
Insert[xid=706] rel=16406 new=("271","yyyyyyyyyyyyyyyyyyyy...(100 bytes)")
Insert[xid=706] rel=16406 new=("272","yyyyyyyyyyyyyyyyyyyy...(100 bytes)")
Insert[xid=706] rel=16406 new=("273","yyyyyyyyyyyyyyyyyyyy...(100 bytes)")
Insert[xid=706] rel=16406 new=("274","yyyyyyyyyyyyyyyyyyyy...(100 bytes)")
Insert[xid=706] rel=16406 new=("275","yyyyyyyyyyyyyyyyyyyy...(100 bytes)")
Insert[xid=706] rel=16406 new=("276","yyyyyyyyyyyyyyyyyyyy...(100 bytes)")
Insert[xid=706] rel=16406 new=("277","yyyyyyyyyyyyyyyyyyyy...(100 bytes)")
Insert[xid=706] rel=16406 new=("278","yyyyyyyyyyyyyyyyyyyy...(100 bytes)")
Insert[xid=706] rel=16406 new=("279","yyyyyyyyyyyyyyyyyyyy...(100 bytes)")
Insert[xid=706] rel=16406 new=("280","yyyyyyyyyyyyyyyyyyyy...(100 bytes)")
Insert[xid=706] rel=16406 new=("281","yyyyyyyyyyyyyyyyyyyy...(100 bytes)")
Insert[xid=706] rel=16406 new=("282","yyyyyyyyyyyyyyyyyyyy...(100 bytes)")
StreamStop
StreamStart xid=706 first=false
Insert[xid=706] rel=16406 new=("283","yyyyyyyyyyyyyyyyyyyy...(100 bytes)")
Insert[xid=706] rel=16406 new=("284","yyyyyyyyyyyyyyyyyyyy...(100 bytes)")
Insert[xid=706] rel=16406 new=("285","yyyyyyyyyyyyyyyyyyyy...(100 bytes)")
Insert[xid=706] rel=16406 new=("286","yyyyyyyyyyyyyyyyyyyy...(100 bytes)")
Insert[xid=706] rel=16406 new=("287","yyyyyyyyyyyyyyyyyyyy...(100 bytes)")
Insert[xid=706] rel=16406 new=("288","yyyyyyyyyyyyyyyyyyyy...(100 bytes)")
Insert[xid=706] rel=16406 new=("289","yyyyyyyyyyyyyyyyyyyy...(100 bytes)")
Insert[xid=706] rel=16406 new=("290","yyyyyyyyyyyyyyyyyyyy...(100 bytes)")
Insert[xid=706] rel=16406 new=("291","yyyyyyyyyyyyyyyyyyyy...(100 bytes)")
Insert[xid=706] rel=16406 new=("292","yyyyyyyyyyyyyyyyyyyy...(100 bytes)")
Insert[xid=706] rel=16406 new=("293","yyyyyyyyyyyyyyyyyyyy...(100 bytes)")
Insert[xid=706] rel=16406 new=("294","yyyyyyyyyyyyyyyyyyyy...(100 bytes)")
Insert[xid=706] rel=16406 new=("295","yyyyyyyyyyyyyyyyyyyy...(100 bytes)")
Insert[xid=706] rel=16406 new=("296","yyyyyyyyyyyyyyyyyyyy...(100 bytes)")
Insert[xid=706] rel=16406 new=("297","yyyyyyyyyyyyyyyyyyyy...(100 bytes)")
Insert[xid=706] rel=16406 new=("298","yyyyyyyyyyyyyyyyyyyy...(100 bytes)")
Insert[xid=706] rel=16406 new=("299","yyyyyyyyyyyyyyyyyyyy...(100 bytes)")
Insert[xid=706] rel=16406 new=("300","yyyyyyyyyyyyyyyyyyyy...(100 bytes)")
Insert[xid=706] rel=16406 new=("301","yyyyyyyyyyyyyyyyyyyy...(100 bytes)")
Insert[xid=706] rel=16406 new=("302","yyyyyyyyyyyyyyyyyyyy...(100 bytes)")
Insert[xid=706] rel=16406 new=("303","yyyyyyyyyyyyyyyyyyyy...(100 bytes)")
Insert[xid=706] rel=16406 new=("304","yyyyyyyyyyyyyyyyyyyy...(100 bytes)")
Insert[xid=706] rel=16406 new=("305","yyyyyyyyyyyyyyyyyyyy...(100 bytes)")
Insert[xid=706] rel=16406 new=("306","yyyyyyyyyyyyyyyyyyyy...(100 bytes)")
Insert[xid=706] rel=16406 new=("307","yyyyyyyyyyyyyyyyyyyy...(100 bytes)")
Insert[xid=706] rel=16406 new=("308","yyyyyyyyyyyyyyyyyyyy...(100 bytes)")
Insert[xid=706] rel=16406 new=("309","yyyyyyyyyyyyyyyyyyyy...(100 bytes)")
Insert[xid=706] rel=16406 new=("310","yyyyyyyyyyyyyyyyyyyy...(100 bytes)")
Insert[xid=706] rel=16406 new=("311","yyyyyyyyyyyyyyyyyyyy...(100 bytes)")
Insert[xid=706] rel=16406 new=("312","yyyyyyyyyyyyyyyyyyyy...(100 bytes)")
Insert[xid=706] rel=16406 new=("313","yyyyyyyyyyyyyyyyyyyy...(100 bytes)")
Insert[xid=706] rel=16406 new=("314","yyyyyyyyyyyyyyyyyyyy...(100 bytes)")
Insert[xid=706] rel=16406 new=("315","yyyyyyyyyyyyyyyyyyyy...(100 bytes)")
Insert[xid=706] rel=16406 new=("316","yyyyyyyyyyyyyyyyyyyy...(100 bytes)")
Insert[xid=706] rel=16406 new=("317","yyyyyyyyyyyyyyyyyyyy...(100 bytes)")
Insert[xid=706] rel=16406 new=("318","yyyyyyyyyyyyyyyyyyyy...(100 bytes)")
Insert[xid=706] rel=16406 new=("319","yyyyyyyyyyyyyyyyyyyy...(100 bytes)")
Insert[xid=706] rel=16406 new=("320","yyyyyyyyyyyyyyyyyyyy...(100 bytes)")
Insert[xid=706] rel=16406 new=("321","yyyyyyyyyyyyyyyyyyyy...(100 bytes)")
Insert[xid=706] rel=16406 new=("322","yyyyyyyyyyyyyyyyyyyy...(100 bytes)")
Insert[xid=706] rel=16406 new=("323","yyyyyyyyyyyyyyyyyyyy...(100 bytes)")
Insert[xid=706] rel=16406 new=("324","yyyyyyyyyyyyyyyyyyyy...(100 bytes)")
Insert[xid=706] rel=16406 new=("325","yyyyyyyyyyyyyyyyyyyy...(100 bytes)")
Insert[xid=706] rel=16406 new=("326","yyyyyyyyyyyyyyyyyyyy...(100 bytes)")
Insert[xid=706] rel=16406 new=("327","yyyyyyyyyyyyyyyyyyyy...(100 bytes)")
Insert[xid=706] rel=16406 new=("328","yyyyyyyyyyyyyyyyyyyy...(100 bytes)")
Insert[xid=706] rel=16406 new=("329","yyyyyyyyyyyyyyyyyyyy...(100 bytes)")
Insert[xid=706] rel=16406 new=("330","yyyyyyyyyyyyyyyyyyyy...(100 bytes)")
Insert[xid=706] rel=16406 new=("331","yyyyyyyyyyyyyyyyyyyy...(100 bytes)")
Insert[xid=706] rel=16406 new=("332","yyyyyyyyyyyyyyyyyyyy...(100 bytes)")
Insert[xid=706] rel=16406 new=("333","yyyyyyyyyyyyyyyyyyyy...(100 bytes)")
Insert[xid=706] rel=16406 new=("334","yyyyyyyyyyyyyyyyyyyy...(100 bytes)")
Insert[xid=706] rel=16406 new=("335","yyyyyyyyyyyyyyyyyyyy...(100 bytes)")
Insert[xid=706] rel=16406 new=("336","yyyyyyyyyyyyyyyyyyyy...(100 bytes)")
Insert[xid=706] rel=16406 new=("337","yyyyyyyyyyyyyyyyyyyy...(100 bytes)")
Insert[xid=706] rel=16406 new=("338","yyyyyyyyyyyyyyyyyyyy...(100 bytes)")
Insert[xid=706] rel=16406 new=("339","yyyyyyyyyyyyyyyyyyyy...(100 bytes)")
Insert[xid=706] rel=16406 new=("340","yyyyyyyyyyyyyyyyyyyy...(100 bytes)")
Insert[xid=706] rel=16406 new=("341","yyyyyyyyyyyyyyyyyyyy...(100 bytes)")
Insert[xid=706] rel=16406 new=("342","yyyyyyyyyyyyyyyyyyyy...(100 bytes)")
Insert[xid=706] rel=16406 new=("343","yyyyyyyyyyyyyyyyyyyy...(100 bytes)")
Insert[xid=706] rel=16406 new=("344","yyyyyyyyyyyyyyyyyyyy...(100 bytes)")
Insert[xid=706] rel=16406 new=("345","yyyyyyyyyyyyyyyyyyyy...(100 bytes)")
Insert[xid=706] rel=16406 new=("346","yyyyyyyyyyyyyyyyyyyy...(100 bytes)")
Insert[xid=706] rel=16406 new=("347","yyyyyyyyyyyyyyyyyyyy...(100 bytes)")
Insert[xid=706] rel=16406 new=("348","yyyyyyyyyyyyyyyyyyyy...(100 bytes)")
Insert[xid=706] rel=16406 new=("349","yyyyyyyyyyyyyyyyyyyy...(100 bytes)")
Insert[xid=706] rel=16406 new=("350","yyyyyyyyyyyyyyyyyyyy...(100 bytes)")
Insert[xid=706] rel=16406 new=("351","yyyyyyyyyyyyyyyyyyyy...(100 bytes)")
Insert[xid=706] rel=16406 new=("352","yyyyyyyyyyyyyyyyyyyy...(100 bytes)")
Insert[xid=706] rel=16406 new=("353","yyyyyyyyyyyyyyyyyyyy...(100 bytes)")
Insert[xid=706] rel=16406 new=("354","yyyyyyyyyyyyyyyyyyyy...(100 bytes)")
Insert[xid=706] rel=16406 new=("355","yyyyyyyyyyyyyyyyyyyy...(100 bytes)")
Insert[xid=706] rel=16406 new=("356","yyyyyyyyyyyyyyyyyyyy...(100 bytes)")
Insert[xid=706] rel=16406 new=("357","yyyyyyyyyyyyyyyyyyyy...(100 bytes)")
Insert[xid=706] rel=16406 new=("358","yyyyyyyyyyyyyyyyyyyy...(100 bytes)")
Insert[xid=706] rel=16406 new=("359","yyyyyyyyyyyyyyyyyyyy...(100 bytes)")
Insert[xid=706] rel=16406 new=("360","yyyyyyyyyyyyyyyyyyyy...(100 bytes)")
Insert[xid=706] rel=16406 new=("361","yyyyyyyyyyyyyyyyyyyy...(100 bytes)")
Insert[xid=706] rel=16406 new=("362","yyyyyyyyyyyyyyyyyyyy...(100 bytes)")
Insert[xid=706] rel=16406 new=("363","yyyyyyyyyyyyyyyyyyyy...(100 bytes)")
Insert[xid=706] rel=16406 new=("364","yyyyyyyyyyyyyyyyyyyy...(100 bytes)")
Insert[xid=706] rel=16406 new=("365","yyyyyyyyyyyyyyyyyyyy...(100 bytes)")
Insert[xid=706] rel=16406 new=("366","yyyyyyyyyyyyyyyyyyyy...(100 bytes)")
Insert[xid=706] rel=16406 new=("367","yyyyyyyyyyyyyyyyyyyy...(100 bytes)")
Insert[xid=706] rel=16406 new=("368","yyyyyyyyyyyyyyyyyyyy...(100 bytes)")
Insert[xid=706] rel=16406 new=("369","yyyyyyyyyyyyyyyyyyyy...(100 bytes)")
Insert[xid=706] rel=16406 new=("370","yyyyyyyyyyyyyyyyyyyy...(100 bytes)")
Insert[xid=706] rel=16406 new=("371","yyyyyyyyyyyyyyyyyyyy...(100 bytes)")
Insert[xid=706] rel=16406 new=("372","yyyyyyyyyyyyyyyyyyyy...(100 bytes)")
Insert[xid=706] rel=16406 new=("373","yyyyyyyyyyyyyyyyyyyy...(100 bytes)")
Insert[xid=706] rel=16406 new=("374","yyyyyyyyyyyyyyyyyyyy...(100 bytes)")
Insert[xid=706] rel=16406 new=("375","yyyyyyyyyyyyyyyyyyyy...(100 bytes)")
Insert[xid=706] rel=16406 new=("376","yyyyyyyyyyyyyyyyyyyy...(100 bytes)")
Insert[xid=706] rel=16406 new=("377","yyyyyyyyyyyyyyyyyyyy...(100 bytes)")
Insert[xid=706] rel=16406 new=("378","yyyyyyyyyyyyyyyyyyyy...(100 bytes)")
Insert[xid=706] rel=16406 new=("379","yyyyyyyyyyyyyyyyyyyy...(100 bytes)")
Insert[xid=706] rel=16406 new=("380","yyyyyyyyyyyyyyyyyyyy...(100 bytes)")
Insert[xid=706] rel=16406 new=("381","yyyyyyyyyyyyyyyyyyyy...(100 bytes)")
Insert[xid=706] rel=16406 new=("382","yyyyyyyyyyyyyyyyyyyy...(100 bytes)")
Insert[xid=706] rel=16406 new=("383","yyyyyyyyyyyyyyyyyyyy...(100 bytes)")
Insert[xid=706] rel=16406 new=("384","yyyyyyyyyyyyyyyyyyyy...(100 bytes)")
Insert[xid=706] rel=16406 new=("385","yyyyyyyyyyyyyyyyyyyy...(100 bytes)")
Insert[xid=706] rel=16406 new=("386","yyyyyyyyyyyyyyyyyyyy...(100 bytes)")
Insert[xid=706] rel=16406 new=("387","yyyyyyyyyyyyyyyyyyyy...(100 bytes)")
Insert[xid=706] rel=16406 new=("388","yyyyyyyyyyyyyyyyyyyy...(100 bytes)")
Insert[xid=706] rel=16406 new=("389","yyyyyyyyyyyyyyyyyyyy...(100 bytes)")
Insert[xid=706] rel=16406 new=("390","yyyyyyyyyyyyyyyyyyyy...(100 bytes)")
Insert[xid=706] rel=16406 new=("391","yyyyyyyyyyyyyyyyyyyy...(100 bytes)")
Insert[xid=706] rel=16406 new=("392","yyyyyyyyyyyyyyyyyyyy...(100 bytes)")
Insert[xid=706] rel=16406 new=("393","yyyyyyyyyyyyyyyyyyyy...(100 bytes)")
Insert[xid=706] rel=16406 new=("394","yyyyyyyyyyyyyyyyyyyy...(100 bytes)")
Insert[xid=706] rel=16406 new=("395","yyyyyyyyyyyyyyyyyyyy...(100 bytes)")
Insert[xid=706] rel=16406 new=("396","yyyyyyyyyyyyyyyyyyyy...(100 bytes)")
Insert[xid=706] rel=16406 new=("397","yyyyyyyyyyyyyyyyyyyy...(100 bytes)")
Insert[xid=706] rel=16406 new=("398","yyyyyyyyyyyyyyyyyyyy...(100 bytes)")
Insert[xid=706] rel=16406 new=("399","yyyyyyyyyyyyyyyyyyyy...(100 bytes)")
Insert[xid=706] rel=16406 new=("400","yyyyyyyyyyyyyyyyyyyy...(100 bytes)")
Insert[xid=706] rel=16406 new=("401","yyyyyyyyyyyyyyyyyyyy...(100 bytes)")
Insert[xid=706] rel=16406 new=("402","yyyyyyyyyyyyyyyyyyyy...(100 bytes)")
Insert[xid=706] rel=16406 new=("403","yyyyyyyyyyyyyyyyyyyy...(100 bytes)")
Insert[xid=706] rel=16406 new=("404","yyyyyyyyyyyyyyyyyyyy...(100 bytes)")
Insert[xid=706] rel=16406 new=("405","yyyyyyyyyyyyyyyyyyyy...(100 bytes)")
Insert[xid=706] rel=16406 new=("406","yyyyyyyyyyyyyyyyyyyy...(100 bytes)")
Insert[xid=706] rel=16406 new=("407","yyyyyyyyyyyyyyyyyyyy...(100 bytes)")
Insert[xid=706] rel=16406 new=("408","yyyyyyyyyyyyyyyyyyyy...(100 bytes)")
Insert[xid=706] rel=16406 new=("409","yyyyyyyyyyyyyyyyyyyy...(100 bytes)")
Insert[xid=706] rel=16406 new=("410","yyyyyyyyyyyyyyyyyyyy...(100 bytes)")
Insert[xid=706] rel=16406 new=("411","yyyyyyyyyyyyyyyyyyyy...(100 bytes)")
Insert[xid=706] rel=16406 new=("412","yyyyyyyyyyyyyyyyyyyy...(100 bytes)")
Insert[xid=706] rel=16406 new=("413","yyyyyyyyyyyyyyyyyyyy...(100 bytes)")
Insert[xid=706] rel=16406 new=("414","yyyyyyyyyyyyyyyyyyyy...(100 bytes)")
Insert[xid=706] rel=16406 new=("415","yyyyyyyyyyyyyyyyyyyy...(100 bytes)")
Insert[xid=706] rel=16406 new=("416","yyyyyyyyyyyyyyyyyyyy...(100 bytes)")
Insert[xid=706] rel=16406 new=("417","yyyyyyyyyyyyyyyyyyyy...(100 bytes)")
Insert[xid=706] rel=16406 new=("418","yyyyyyyyyyyyyyyyyyyy...(100 bytes)")
Insert[xid=706] rel=16406 new=("419","yyyyyyyyyyyyyyyyyyyy...(100 bytes)")
Insert[xid=706] rel=16406 new=("420","yyyyyyyyyyyyyyyyyyyy...(100 bytes)")
Insert[xid=706] rel=16406 new=("421","yyyyyyyyyyyyyyyyyyyy...(100 bytes)")
Insert[xid=706] rel=16406 new=("422","yyyyyyyyyyyyyyyyyyyy...(100 bytes)")
Insert[xid=706] rel=16406 new=("423","yyyyyyyyyyyyyyyyyyyy...(100 bytes)")
Insert[xid=706] rel=16406 new=("424","yyyyyyyyyyyyyyyyyyyy...(100 bytes)")
Insert[xid=706] rel=16406 new=("425","yyyyyyyyyyyyyyyyyyyy...(100 bytes)")
Insert[xid=706] rel=16406 new=("426","yyyyyyyyyyyyyyyyyyyy...(100 bytes)")
Insert[xid=706] rel=16406 new=("427","yyyyyyyyyyyyyyyyyyyy...(100 bytes)")
Insert[xid=706] rel=16406 new=("428","yyyyyyyyyyyyyyyyyyyy...(100 bytes)")
Insert[xid=706] rel=16406 new=("429","yyyyyyyyyyyyyyyyyyyy...(100 bytes)")
Insert[xid=706] rel=16406 new=("430","yyyyyyyyyyyyyyyyyyyy...(100 bytes)")
Insert[xid=706] rel=16406 new=("431","yyyyyyyyyyyyyyyyyyyy...(100 bytes)")
Insert[xid=706] rel=16406 new=("432","yyyyyyyyyyyyyyyyyyyy...(100 bytes)")
Insert[xid=706] rel=16406 new=("433","yyyyyyyyyyyyyyyyyyyy...(100 bytes)")
Insert[xid=706] rel=16406 new=("434","yyyyyyyyyyyyyyyyyyyy...(100 bytes)")
Insert[xid=706] rel=16406 new=("435","yyyyyyyyyyyyyyyyyyyy...(100 bytes)")
Insert[xid=706] rel=16406 new=("436","yyyyyyyyyyyyyyyyyyyy...(100 bytes)")
Insert[xid=706] rel=16406 new=("437","yyyyyyyyyyyyyyyyyyyy...(100 bytes)")
Insert[xid=706] rel=16406 new=("438","yyyyyyyyyyyyyyyyyyyy...(100 bytes)")
Insert[xid=706] rel=16406 new=("439","yyyyyyyyyyyyyyyyyyyy...(100 bytes)")
Insert[xid=706] rel=16406 new=("440","yyyyyyyyyyyyyyyyyyyy...(100 bytes)")
Insert[xid=706] rel=16406 new=("441","yyyyyyyyyyyyyyyyyyyy...(100 bytes)")
Insert[xid=706] rel=16406 new=("442","yyyyyyyyyyyyyyyyyyyy...(100 bytes)")
Insert[xid=706] rel=16406 new=("443","yyyyyyyyyyyyyyyyyyyy...(100 bytes)")
Insert[xid=706] rel=16406 new=("444","yyyyyyyyyyyyyyyyyyyy...(100 bytes)")
Insert[xid=706] rel=16406 new=("445","yyyyyyyyyyyyyyyyyyyy...(100 bytes)")
Insert[xid=706] rel=16406 new=("446","yyyyyyyyyyyyyyyyyyyy...(100 bytes)")
Insert[xid=706] rel=16406 new=("447","yyyyyyyyyyyyyyyyyyyy...(100 bytes)")
Insert[xid=706] rel=16406 new=("448","yyyyyyyyyyyyyyyyyyyy...(100 bytes)")
Insert[xid=706] rel=16406 new=("449","yyyyyyyyyyyyyyyyyyyy...(100 bytes)")
Insert[xid=706] rel=16406 new=("450","yyyyyyyyyyyyyyyyyyyy...(100 bytes)")
Insert[xid=706] rel=16406 new=("451","yyyyyyyyyyyyyyyyyyyy...(100 bytes)")
Insert[xid=706] rel=16406 new=("452","yyyyyyyyyyyyyyyyyyyy...(100 bytes)")
Insert[xid=706] rel=16406 new=("453","yyyyyyyyyyyyyyyyyyyy...(100 bytes)")
Insert[xid=706] rel=16406 new=("454","yyyyyyyyyyyyyyyyyyyy...(100 bytes)")
Insert[xid=706] rel=16406 new=("455","yyyyyyyyyyyyyyyyyyyy...(100 bytes)")
Insert[xid=706] rel=16406 new=("456","yyyyyyyyyyyyyyyyyyyy...(100 bytes)")
Insert[xid=706] rel=16406 new=("457","yyyyyyyyyyyyyyyyyyyy...(100 bytes)")
Insert[xid=706] rel=16406 new=("458","yyyyyyyyyyyyyyyyyyyy...(100 bytes)")
Insert[xid=706] rel=16406 new=("459","yyyyyyyyyyyyyyyyyyyy...(100 bytes)")
Insert[xid=706] rel=16406 new=("460","yyyyyyyyyyyyyyyyyyyy...(100 bytes)")
Insert[xid=706] rel=16406 new=("461","yyyyyyyyyyyyyyyyyyyy...(100 bytes)")
Insert[xid=706] rel=16406 new=("462","yyyyyyyyyyyyyyyyyyyy...(100 bytes)")
Insert[xid=706] rel=16406 new=("463","yyyyyyyyyyyyyyyyyyyy...(100 bytes)")
Insert[xid=706] rel=16406 new=("464","yyyyyyyyyyyyyyyyyyyy...(100 bytes)")
Insert[xid=706] rel=16406 new=("465","yyyyyyyyyyyyyyyyyyyy...(100 bytes)")
Insert[xid=706] rel=16406 new=("466","yyyyyyyyyyyyyyyyyyyy...(100 bytes)")
Insert[xid=706] rel=16406 new=("467","yyyyyyyyyyyyyyyyyyyy...(100 bytes)")
Insert[xid=706] rel=16406 new=("468","yyyyyyyyyyyyyyyyyyyy...(100 bytes)")
Insert[xid=706] rel=16406 new=("469","yyyyyyyyyyyyyyyyyyyy...(100 bytes)")
Insert[xid=706] rel=16406 new=("470","yyyyyyyyyyyyyyyyyyyy...(100 bytes)")
Insert[xid=706] rel=16406 new=("471","yyyyyyyyyyyyyyyyyyyy...(100 bytes)")
Insert[xid=706] rel=16406 new=("472","yyyyyyyyyyyyyyyyyyyy...(100 bytes)")
Insert[xid=706] rel=16406 new=("473","yyyyyyyyyyyyyyyyyyyy...(100 bytes)")
Insert[xid=706] rel=16406 new=("474","yyyyyyyyyyyyyyyyyyyy...(100 bytes)")
Insert[xid=706] rel=16406 new=("475","yyyyyyyyyyyyyyyyyyyy...(100 bytes)")
Insert[xid=706] rel=16406 new=("476","yyyyyyyyyyyyyyyyyyyy...(100 bytes)")
Insert[xid=706] rel=16406 new=("477","yyyyyyyyyyyyyyyyyyyy...(100 bytes)")
Insert[xid=706] rel=16406 new=("478","yyyyyyyyyyyyyyyyyyyy...(100 bytes)")
Insert[xid=706] rel=16406 new=("479","yyyyyyyyyyyyyyyyyyyy...(100 bytes)")
Insert[xid=706] rel=16406 new=("480","yyyyyyyyyyyyyyyyyyyy...(100 bytes)")
Insert[xid=706] rel=16406 new=("481","yyyyyyyyyyyyyyyyyyyy...(100 bytes)")
Insert[xid=706] rel=16406 new=("482","yyyyyyyyyyyyyyyyyyyy...(100 bytes)")
Insert[xid=706] rel=16406 new=("483","yyyyyyyyyyyyyyyyyyyy...(100 bytes)")
Insert[xid=706] rel=16406 new=("484","yyyyyyyyyyyyyyyyyyyy...(100 bytes)")
Insert[xid=706] rel=16406 new=("485","yyyyyyyyyyyyyyyyyyyy...(100 bytes)")
Insert[xid=706] rel=16406 new=("486","yyyyyyyyyyyyyyyyyyyy...(100 bytes)")
Insert[xid=706] rel=16406 new=("487","yyyyyyyyyyyyyyyyyyyy...(100 bytes)")
Insert[xid=706] rel=16406 new=("488","yyyyyyyyyyyyyyyyyyyy...(100 bytes)")
Insert[xid=706] rel=16406 new=("489","yyyyyyyyyyyyyyyyyyyy...(100 bytes)")
Insert[xid=706] rel=16406 new=("490","yyyyyyyyyyyyyyyyyyyy...(100 bytes)")
Insert[xid=706] rel=16406 new=("491","yyyyyyyyyyyyyyyyyyyy...(100 bytes)")
Insert[xid=706] rel=16406 new=("492","yyyyyyyyyyyyyyyyyyyy...(100 bytes)")
Insert[xid=706] rel=16406 new=("493","yyyyyyyyyyyyyyyyyyyy...(100 bytes)")
Insert[xid=706] rel=16406 new=("494","yyyyyyyyyyyyyyyyyyyy...(100 bytes)")
Insert[xid=706] rel=16406 new=("495","yyyyyyyyyyyyyyyyyyyy...(100 bytes)")
Insert[xid=706] rel=16406 new=("496","yyyyyyyyyyyyyyyyyyyy...(100 bytes)")
Insert[xid=706] rel=16406 new=("497","yyyyyyyyyyyyyyyyyyyy...(100 bytes)")
Insert[xid=706] rel=16406 new=("498","yyyyyyyyyyyyyyyyyyyy...(100 bytes)")
Insert[xid=706] rel=16406 new=("499","yyyyyyyyyyyyyyyyyyyy...(100 bytes)")
Insert[xid=706] rel=16406 new=("500","yyyyyyyyyyyyyyyyyyyy...(100 bytes)")
Insert[xid=706] rel=16406 new=("501","yyyyyyyyyyyyyyyyyyyy...(100 bytes)")
Insert[xid=706] rel=16406 new=("502","yyyyyyyyyyyyyyyyyyyy...(100 bytes)")
Insert[xid=706] rel=16406 new=("503","yyyyyyyyyyyyyyyyyyyy...(100 bytes)")
Insert[xid=706] rel=16406 new=("504","yyyyyyyyyyyyyyyyyyyy...(100 bytes)")
Insert[xid=706] rel=16406 new=("505","yyyyyyyyyyyyyyyyyyyy...(100 bytes)")
Insert[xid=706] rel=16406 new=("506","yyyyyyyyyyyyyyyyyyyy...(100 bytes)")
Insert[xid=706] rel=16406 new=("507","yyyyyyyyyyyyyyyyyyyy...(100 bytes)")
Insert[xid=706] rel=16406 new=("508","yyyyyyyyyyyyyyyyyyyy...(100 bytes)")
Insert[xid=706] rel=16406 new=("509","yyyyyyyyyyyyyyyyyyyy...(100 bytes)")
Insert[xid=706] rel=16406 new=("510","yyyyyyyyyyyyyyyyyyyy...(100 bytes)")
Insert[xid=706] rel=16406 new=("511","yyyyyyyyyyyyyyyyyyyy...(100 bytes)")
Insert[xid=706] rel=16406 new=("512","yyyyyyyyyyyyyyyyyyyy...(100 bytes)")
Insert[xid=706] rel=16406 new=("513","yyyyyyyyyyyyyyyyyyyy...(100 bytes)")
Insert[xid=706] rel=16406 new=("514","yyyyyyyyyyyyyyyyyyyy...(100 bytes)")
Insert[xid=706] rel=16406 new=("515","yyyyyyyyyyyyyyyyyyyy...(100 bytes)")
Insert[xid=706] rel=16406 new=("516","yyyyyyyyyyyyyyyyyyyy...(100 bytes)")
Insert[xid=706] rel=16406 new=("517","yyyyyyyyyyyyyyyyyyyy...(100 bytes)")
Insert[xid=706] rel=16406 new=("518","yyyyyyyyyyyyyyyyyyyy...(100 bytes)")
Insert[xid=706] rel=16406 new=("519","yyyyyyyyyyyyyyyyyyyy...(100 bytes)")
Insert[xid=706] rel=16406 new=("520","yyyyyyyyyyyyyyyyyyyy...(100 bytes)")
Insert[xid=706] rel=16406 new=("521","yyyyyyyyyyyyyyyyyyyy...(100 bytes)")
Insert[xid=706] rel=16406 new=("522","yyyyyyyyyyyyyyyyyyyy...(100 bytes)")
Insert[xid=706] rel=16406 new=("523","yyyyyyyyyyyyyyyyyyyy...(100 bytes)")
Insert[xid=706] rel=16406 new=("524","yyyyyyyyyyyyyyyyyyyy...(100 bytes)")
Insert[xid=706] rel=16406 new=("525","yyyyyyyyyyyyyyyyyyyy...(100 bytes)")
Insert[xid=706] rel=16406 new=("526","yyyyyyyyyyyyyyyyyyyy...(100 bytes)")
Insert[xid=706] rel=16406 new=("527","yyyyyyyyyyyyyyyyyyyy...(100 bytes)")
Insert[xid=706] rel=16406 new=("528","yyyyyyyyyyyyyyyyyyyy...(100 bytes)")
Insert[xid=706] rel=16406 new=("529","yyyyyyyyyyyyyyyyyyyy...(100 bytes)")
Insert[xid=706] rel=16406 new=("530","yyyyyyyyyyyyyyyyyyyy...(100 bytes)")
Insert[xid=706] rel=16406 new=("531","yyyyyyyyyyyyyyyyyyyy...(100 bytes)")
Insert[xid=706] rel=16406 new=("532","yyyyyyyyyyyyyyyyyyyy...(100 bytes)")
Insert[xid=706] rel=16406 new=("533","yyyyyyyyyyyyyyyyyyyy...(100 bytes)")
Insert[xid=706] rel=16406 new=("534","yyyyyyyyyyyyyyyyyyyy...(100 bytes)")
Insert[xid=706] rel=16406 new=("535","yyyyyyyyyyyyyyyyyyyy...(100 bytes)")
Insert[xid=706] rel=16406 new=("536","yyyyyyyyyyyyyyyyyyyy...(100 bytes)")
Insert[xid=706] rel=16406 new=("537","yyyyyyyyyyyyyyyyyyyy...(100 bytes)")
Insert[xid=706] rel=16406 new=("538","yyyyyyyyyyyyyyyyyyyy...(100 bytes)")
Insert[xid=706] rel=16406 new=("539","yyyyyyyyyyyyyyyyyyyy...(100 bytes)")
Insert[xid=706] rel=16406 new=("540","yyyyyyyyyyyyyyyyyyyy...(100 bytes)")
Insert[xid=706] rel=16406 new=("541","yyyyyyyyyyyyyyyyyyyy...(100 bytes)")
Insert[xid=706] rel=16406 new=("542","yyyyyyyyyyyyyyyyyyyy...(100 bytes)")
Insert[xid=706] rel=16406 new=("543","yyyyyyyyyyyyyyyyyyyy...(100 bytes)")
Insert[xid=706] rel=16406 new=("544","yyyyyyyyyyyyyyyyyyyy...(100 bytes)")
Insert[xid=706] rel=16406 new=("545","yyyyyyyyyyyyyyyyyyyy...(100 bytes)")
Insert[xid=706] rel=16406 new=("546","yyyyyyyyyyyyyyyyyyyy...(100 bytes)")
Insert[xid=706] rel=16406 new=("547","yyyyyyyyyyyyyyyyyyyy...(100 bytes)")
Insert[xid=706] rel=16406 new=("548","yyyyyyyyyyyyyyyyyyyy...(100 bytes)")
Insert[xid=706] rel=16406 new=("549","yyyyyyyyyyyyyyyyyyyy...(100 bytes)")
Insert[xid=706] rel=16406 new=("550","yyyyyyyyyyyyyyyyyyyy...(100 bytes)")
Insert[xid=706] rel=16406 new=("551","yyyyyyyyyyyyyyyyyyyy...(100 bytes)")
Insert[xid=706] rel=16406 new=("552","yyyyyyyyyyyyyyyyyyyy...(100 bytes)")
Insert[xid=706] rel=16406 new=("553","yyyyyyyyyyyyyyyyyyyy...(100 bytes)")
Insert[xid=706] rel=16406 new=("554","yyyyyyyyyyyyyyyyyyyy...(100 bytes)")
Insert[xid=706] rel=16406 new=("555","yyyyyyyyyyyyyyyyyyyy...(100 bytes)")
Insert[xid=706] rel=16406 new=("556","yyyyyyyyyyyyyyyyyyyy...(100 bytes)")
Insert[xid=706] rel=16406 new=("557","yyyyyyyyyyyyyyyyyyyy...(100 bytes)")
Insert[xid=706] rel=16406 new=("558","yyyyyyyyyyyyyyyyyyyy...(100 bytes)")
Insert[xid=706] rel=16406 new=("559","yyyyyyyyyyyyyyyyyyyy...(100 bytes)")
Insert[xid=706] rel=16406 new=("560","yyyyyyyyyyyyyyyyyyyy...(100 bytes)")
Insert[xid=706] rel=16406 new=("561","yyyyyyyyyyyyyyyyyyyy...(100 bytes)")
Insert[xid=706] rel=16406 new=("562","yyyyyyyyyyyyyyyyyyyy...(100 bytes)")
Insert[xid=706] rel=16406 new=("563","yyyyyyyyyyyyyyyyyyyy...(100 bytes)")
Insert[xid=706] rel=16406 new=("564","yyyyyyyyyyyyyyyyyyyy...(100 bytes)")
StreamStop
StreamStart xid=706 first=false
Insert[xid=706] rel=16406 new=("565","yyyyyyyyyyyyyyyyyyyy...(100 bytes)")
Insert[xid=706] rel=16406 new=("566","yyyyyyyyyyyyyyyyyyyy...(100 bytes)")
Insert[xid=706] rel=16406 new=("567","yyyyyyyyyyyyyyyyyyyy...(100 bytes)")
Insert[xid=706] rel=16406 new=("568","yyyyyyyyyyyyyyyyyyyy...(100 bytes)")
Insert[xid=706] rel=16406 new=("569","yyyyyyyyyyyyyyyyyyyy...(100 bytes)")
Insert[xid=706] rel=16406 new=("570","yyyyyyyyyyyyyyyyyyyy...(100 bytes)")
Insert[xid=706] rel=16406 new=("571","yyyyyyyyyyyyyyyyyyyy...(100 bytes)")
Insert[xid=706] rel=16406 new=("572","yyyyyyyyyyyyyyyyyyyy...(100 bytes)")
Insert[xid=706] rel=16406 new=("573","yyyyyyyyyyyyyyyyyyyy...(100 bytes)")
Insert[xid=706] rel=16406 new=("574","yyyyyyyyyyyyyyyyyyyy...(100 bytes)")
Insert[xid=706] rel=16406 new=("575","yyyyyyyyyyyyyyyyyyyy...(100 bytes)")
Insert[xid=706] rel=16406 new=("576","yyyyyyyyyyyyyyyyyyyy...(100 bytes)")
Insert[xid=706] rel=16406 new=("577","yyyyyyyyyyyyyyyyyyyy...(100 bytes)")
Insert[xid=706] rel=16406 new=("578","yyyyyyyyyyyyyyyyyyyy...(100 bytes)")
Insert[xid=706] rel=16406 new=("579","yyyyyyyyyyyyyyyyyyyy...(100 bytes)")
Insert[xid=706] rel=16406 new=("580","yyyyyyyyyyyyyyyyyyyy...(100 bytes)")
Insert[xid=706] rel=16406 new=("581","yyyyyyyyyyyyyyyyyyyy...(100 bytes)")
Insert[xid=706] rel=16406 new=("582","yyyyyyyyyyyyyyyyyyyy...(100 bytes)")
Insert[xid=706] rel=16406 new=("583","yyyyyyyyyyyyyyyyyyyy...(100 bytes)")
Insert[xid=706] rel=16406 new=("584","yyyyyyyyyyyyyyyyyyyy...(100 bytes)")
Insert[xid=706] rel=16406 new=("585","yyyyyyyyyyyyyyyyyyyy...(100 bytes)")
Insert[xid=706] rel=16406 new=("586","yyyyyyyyyyyyyyyyyyyy...(100 bytes)")
Insert[xid=706] rel=16406 new=("587","yyyyyyyyyyyyyyyyyyyy...(100 bytes)")
Insert[xid=706] rel=16406 new=("588","yyyyyyyyyyyyyyyyyyyy...(100 bytes)")
Insert[xid=706] rel=16406 new=("589","yyyyyyyyyyyyyyyyyyyy...(100 bytes)")
Insert[xid=706] rel=16406 new=("590","yyyyyyyyyyyyyyyyyyyy...(100 bytes)")
Insert[xid=706] rel=16406 new=("591","yyyyyyyyyyyyyyyyyyyy...(100 bytes)")
Insert[xid=706] rel=16406 new=("592","yyyyyyyyyyyyyyyyyyyy...(100 bytes)")
Insert[xid=706] rel=16406 new=("593","yyyyyyyyyyyyyyyyyyyy...(100 bytes)")
Insert[xid=706] rel=16406 new=("594","yyyyyyyyyyyyyyyyyyyy...(100 bytes)")
Insert[xid=706] rel=16406 new=("595","yyyyyyyyyyyyyyyyyyyy...(100 bytes)")
Insert[xid=706] rel=16406 new=("596","yyyyyyyyyyyyyyyyyyyy...(100 bytes)")
Insert[xid=706] rel=16406 new=("597","yyyyyyyyyyyyyyyyyyyy...(100 bytes)")
Insert[xid=706] rel=16406 new=("598","yyyyyyyyyyyyyyyyyyyy...(100 bytes)")
Insert[xid=706] rel=16406 new=("599","yyyyyyyyyyyyyyyyyyyy...(100 bytes)")
Insert[xid=706] rel=16406 new=("600","yyyyyyyyyyyyyyyyyyyy...(100 bytes)")
StreamStop
StreamCommit xid=706 flags=0 lsn=17EA418 end=17EA448
StreamStart xid=708 first=true
Relation[xid=708] id=16406 public.s identity=d cols=[*id:23(-1) v:25(-1)]
Insert[xid=708] rel=16406 new=("9000","kept")
Insert[xid=709] rel=16406 new=("5000","wwwwwwwwwwwwwwwwwwww...(100 bytes)")
Insert[xid=709] rel=16406 new=("5001","wwwwwwwwwwwwwwwwwwww...(100 bytes)")
Insert[xid=709] rel=16406 new=("5002","wwwwwwwwwwwwwwwwwwww...(100 bytes)")
Insert[xid=709] rel=16406 new=("5003","wwwwwwwwwwwwwwwwwwww...(100 bytes)")
Insert[xid=709] rel=16406 new=("5004","wwwwwwwwwwwwwwwwwwww...(100 bytes)")
Insert[xid=709] rel=16406 new=("5005","wwwwwwwwwwwwwwwwwwww...(100 bytes)")
Insert[xid=709] rel=16406 new=("5006","wwwwwwwwwwwwwwwwwwww...(100 bytes)")
Insert[xid=709] rel=16406 new=("5007","wwwwwwwwwwwwwwwwwwww...(100 bytes)")
Insert[xid=709] rel=16406 new=("5008","wwwwwwwwwwwwwwwwwwww...(100 bytes)")
Insert[xid=709] rel=16406 new=("5009","wwwwwwwwwwwwwwwwwwww...(100 bytes)")
Insert[xid=709] rel=16406 new=("5010","wwwwwwwwwwwwwwwwwwww...(100 bytes)")
Insert[xid=709] rel=16406 new=("5011","wwwwwwwwwwwwwwwwwwww...(100 bytes)")
Insert[xid=709] rel=16406 new=("5012","wwwwwwwwwwwwwwwwwwww...(100 bytes)")
Insert[xid=709] rel=16406 new=("5013","wwwwwwwwwwwwwwwwwwww...(100 bytes)")
Insert[xid=709] rel=16406 new=("5014","wwwwwwwwwwwwwwwwwwww...(100 bytes)")
Insert[xid=709] rel=16406 new=("5015","wwwwwwwwwwwwwwwwwwww...(100 bytes)")
Insert[xid=709] rel=16406 new=("5016","wwwwwwwwwwwwwwwwwwww...(100 bytes)")
Insert[xid=709] rel=16406 new=("5017","wwwwwwwwwwwwwwwwwwww...(100 bytes)")
Insert[xid=709] rel=16406 new=("5018","wwwwwwwwwwwwwwwwwwww...(100 bytes)")
Insert[xid=709] rel=16406 new=("5019","wwwwwwwwwwwwwwwwwwww...(100 bytes)")
Insert[xid=709] rel=16406 new=("5020","wwwwwwwwwwwwwwwwwwww...(100 bytes)")
Insert[xid=709] rel=16406 new=("5021","wwwwwwwwwwwwwwwwwwww...(100 bytes)")
Insert[xid=709] rel=16406 new=("5022","wwwwwwwwwwwwwwwwwwww...(100 bytes)")
Insert[xid=709] rel=16406 new=("5023","wwwwwwwwwwwwwwwwwwww...(100 bytes)")
Insert[xid=709] rel=16406 new=("5024","wwwwwwwwwwwwwwwwwwww...(100 bytes)")
Insert[xid=709] rel=16406 new=("5025","wwwwwwwwwwwwwwwwwwww...(100 bytes)")
Insert[xid=709] rel=16406 new=("5026","wwwwwwwwwwwwwwwwwwww...(100 bytes)")
Insert[xid=709] rel=16406 new=("5027","wwwwwwwwwwwwwwwwwwww...(100 bytes)")
Insert[xid=709] rel=16406 new=("5028","wwwwwwwwwwwwwwwwwwww...(100 bytes)")
Insert[xid=709] rel=16406 new=("5029","wwwwwwwwwwwwwwwwwwww...(100 bytes)")
Insert[xid=709] rel=16406 new=("5030","wwwwwwwwwwwwwwwwwwww...(100 bytes)")
Insert[xid=709] rel=16406 new=("5031","wwwwwwwwwwwwwwwwwwww...(100 bytes)")
Insert[xid=709] rel=16406 new=("5032","wwwwwwwwwwwwwwwwwwww...(100 bytes)")
Insert[xid=709] rel=16406 new=("5033","wwwwwwwwwwwwwwwwwwww...(100 bytes)")
Insert[xid=709] rel=16406 new=("5034","wwwwwwwwwwwwwwwwwwww...(100 bytes)")
Insert[xid=709] rel=16406 new=("5035","wwwwwwwwwwwwwwwwwwww...(100 bytes)")
Insert[xid=709] rel=16406 new=("5036","wwwwwwwwwwwwwwwwwwww...(100 bytes)")
Insert[xid=709] rel=16406 new=("5037","wwwwwwwwwwwwwwwwwwww...(100 bytes)")
Insert[xid=709] rel=16406 new=("5038","wwwwwwwwwwwwwwwwwwww...(100 bytes)")
Insert[xid=709] rel=16406 new=("5039","wwwwwwwwwwwwwwwwwwww...(100 bytes)")
Insert[xid=709] rel=16406 new=("5040","wwwwwwwwwwwwwwwwwwww...(100 bytes)")
Insert[xid=709] rel=16406 new=("5041","wwwwwwwwwwwwwwwwwwww...(100 bytes)")
Insert[xid=709] rel=16406 new=("5042","wwwwwwwwwwwwwwwwwwww...(100 bytes)")
Insert[xid=709] rel=16406 new=("5043","wwwwwwwwwwwwwwwwwwww...(100 bytes)")
Insert[xid=709] rel=16406 new=("5044","wwwwwwwwwwwwwwwwwwww...(100 bytes)")
Insert[xid=709] rel=16406 new=("5045","wwwwwwwwwwwwwwwwwwww...(100 bytes)")
Insert[xid=709] rel=16406 new=("5046","wwwwwwwwwwwwwwwwwwww...(100 bytes)")
Insert[xid=709] rel=16406 new=("5047","wwwwwwwwwwwwwwwwwwww...(100 bytes)")
Insert[xid=709] rel=16406 new=("5048","wwwwwwwwwwwwwwwwwwww...(100 bytes)")
Insert[xid=709] rel=16406 new=("5049","wwwwwwwwwwwwwwwwwwww...(100 bytes)")
Insert[xid=709] rel=16406 new=("5050","wwwwwwwwwwwwwwwwwwww...(100 bytes)")
Insert[xid=709] rel=16406 new=("5051","wwwwwwwwwwwwwwwwwwww...(100 bytes)")
Insert[xid=709] rel=16406 new=("5052","wwwwwwwwwwwwwwwwwwww...(100 bytes)")
Insert[xid=709] rel=16406 new=("5053","wwwwwwwwwwwwwwwwwwww...(100 bytes)")
Insert[xid=709] rel=16406 new=("5054","wwwwwwwwwwwwwwwwwwww...(100 bytes)")
Insert[xid=709] rel=16406 new=("5055","wwwwwwwwwwwwwwwwwwww...(100 bytes)")
Insert[xid=709] rel=16406 new=("5056","wwwwwwwwwwwwwwwwwwww...(100 bytes)")
Insert[xid=709] rel=16406 new=("5057","wwwwwwwwwwwwwwwwwwww...(100 bytes)")
Insert[xid=709] rel=16406 new=("5058","wwwwwwwwwwwwwwwwwwww...(100 bytes)")
Insert[xid=709] rel=16406 new=("5059","wwwwwwwwwwwwwwwwwwww...(100 bytes)")
Insert[xid=709] rel=16406 new=("5060","wwwwwwwwwwwwwwwwwwww...(100 bytes)")
Insert[xid=709] rel=16406 new=("5061","wwwwwwwwwwwwwwwwwwww...(100 bytes)")
Insert[xid=709] rel=16406 new=("5062","wwwwwwwwwwwwwwwwwwww...(100 bytes)")
Insert[xid=709] rel=16406 new=("5063","wwwwwwwwwwwwwwwwwwww...(100 bytes)")
Insert[xid=709] rel=16406 new=("5064","wwwwwwwwwwwwwwwwwwww...(100 bytes)")
Insert[xid=709] rel=16406 new=("5065","wwwwwwwwwwwwwwwwwwww...(100 bytes)")
Insert[xid=709] rel=16406 new=("5066","wwwwwwwwwwwwwwwwwwww...(100 bytes)")
Insert[xid=709] rel=16406 new=("5067","wwwwwwwwwwwwwwwwwwww...(100 bytes)")
Insert[xid=709] rel=16406 new=("5068","wwwwwwwwwwwwwwwwwwww...(100 bytes)")
Insert[xid=709] rel=16406 new=("5069","wwwwwwwwwwwwwwwwwwww...(100 bytes)")
Insert[xid=709] rel=16406 new=("5070","wwwwwwwwwwwwwwwwwwww...(100 bytes)")
Insert[xid=709] rel=16406 new=("5071","wwwwwwwwwwwwwwwwwwww...(100 bytes)")
Insert[xid=709] rel=16406 new=("5072","wwwwwwwwwwwwwwwwwwww...(100 bytes)")
Insert[xid=709] rel=16406 new=("5073","wwwwwwwwwwwwwwwwwwww...(100 bytes)")
Insert[xid=709] rel=16406 new=("5074","wwwwwwwwwwwwwwwwwwww...(100 bytes)")
Insert[xid=709] rel=16406 new=("5075","wwwwwwwwwwwwwwwwwwww...(100 bytes)")
Insert[xid=709] rel=16406 new=("5076","wwwwwwwwwwwwwwwwwwww...(100 bytes)")
Insert[xid=709] rel=16406 new=("5077","wwwwwwwwwwwwwwwwwwww...(100 bytes)")
Insert[xid=709] rel=16406 new=("5078","wwwwwwwwwwwwwwwwwwww...(100 bytes)")
Insert[xid=709] rel=16406 new=("5079","wwwwwwwwwwwwwwwwwwww...(100 bytes)")
Insert[xid=709] rel=16406 new=("5080","wwwwwwwwwwwwwwwwwwww...(100 bytes)")
Insert[xid=709] rel=16406 new=("5081","wwwwwwwwwwwwwwwwwwww...(100 bytes)")
Insert[xid=709] rel=16406 new=("5082","wwwwwwwwwwwwwwwwwwww...(100 bytes)")
Insert[xid=709] rel=16406 new=("5083","wwwwwwwwwwwwwwwwwwww...(100 bytes)")
Insert[xid=709] rel=16406 new=("5084","wwwwwwwwwwwwwwwwwwww...(100 bytes)")
Insert[xid=709] rel=16406 new=("5085","wwwwwwwwwwwwwwwwwwww...(100 bytes)")
Insert[xid=709] rel=16406 new=("5086","wwwwwwwwwwwwwwwwwwww...(100 bytes)")
Insert[xid=709] rel=16406 new=("5087","wwwwwwwwwwwwwwwwwwww...(100 bytes)")
Insert[xid=709] rel=16406 new=("5088","wwwwwwwwwwwwwwwwwwww...(100 bytes)")
Insert[xid=709] rel=16406 new=("5089","wwwwwwwwwwwwwwwwwwww...(100 bytes)")
Insert[xid=709] rel=16406 new=("5090","wwwwwwwwwwwwwwwwwwww...(100 bytes)")
Insert[xid=709] rel=16406 new=("5091","wwwwwwwwwwwwwwwwwwww...(100 bytes)")
Insert[xid=709] rel=16406 new=("5092","wwwwwwwwwwwwwwwwwwww...(100 bytes)")
Insert[xid=709] rel=16406 new=("5093","wwwwwwwwwwwwwwwwwwww...(100 bytes)")
Insert[xid=709] rel=16406 new=("5094","wwwwwwwwwwwwwwwwwwww...(100 bytes)")
Insert[xid=709] rel=16406 new=("5095","wwwwwwwwwwwwwwwwwwww...(100 bytes)")
Insert[xid=709] rel=16406 new=("5096","wwwwwwwwwwwwwwwwwwww...(100 bytes)")
Insert[xid=709] rel=16406 new=("5097","wwwwwwwwwwwwwwwwwwww...(100 bytes)")
Insert[xid=709] rel=16406 new=("5098","wwwwwwwwwwwwwwwwwwww...(100 bytes)")
Insert[xid=709] rel=16406 new=("5099","wwwwwwwwwwwwwwwwwwww...(100 bytes)")
Insert[xid=709] rel=16406 new=("5100","wwwwwwwwwwwwwwwwwwww...(100 bytes)")
Insert[xid=709] rel=16406 new=("5101","wwwwwwwwwwwwwwwwwwww...(100 bytes)")
Insert[xid=709] rel=16406 new=("5102","wwwwwwwwwwwwwwwwwwww...(100 bytes)")
Insert[xid=709] rel=16406 new=("5103","wwwwwwwwwwwwwwwwwwww...(100 bytes)")
Insert[xid=709] rel=16406 new=("5104","wwwwwwwwwwwwwwwwwwww...(100 bytes)")
Insert[xid=709] rel=16406 new=("5105","wwwwwwwwwwwwwwwwwwww...(100 bytes)")
Insert[xid=709] rel=16406 new=("5106","wwwwwwwwwwwwwwwwwwww...(100 bytes)")
Insert[xid=709] rel=16406 new=("5107","wwwwwwwwwwwwwwwwwwww...(100 bytes)")
Insert[xid=709] rel=16406 new=("5108","wwwwwwwwwwwwwwwwwwww...(100 bytes)")
Insert[xid=709] rel=16406 new=("5109","wwwwwwwwwwwwwwwwwwww...(100 bytes)")
Insert[xid=709] rel=16406 new=("5110","wwwwwwwwwwwwwwwwwwww...(100 bytes)")
Insert[xid=709] rel=16406 new=("5111","wwwwwwwwwwwwwwwwwwww...(100 bytes)")
Insert[xid=709] rel=16406 new=("5112","wwwwwwwwwwwwwwwwwwww...(100 bytes)")
Insert[xid=709] rel=16406 new=("5113","wwwwwwwwwwwwwwwwwwww...(100 bytes)")
Insert[xid=709] rel=16406 new=("5114","wwwwwwwwwwwwwwwwwwww...(100 bytes)")
Insert[xid=709] rel=16406 new=("5115","wwwwwwwwwwwwwwwwwwww...(100 bytes)")
Insert[xid=709] rel=16406 new=("5116","wwwwwwwwwwwwwwwwwwww...(100 bytes)")
Insert[xid=709] rel=16406 new=("5117","wwwwwwwwwwwwwwwwwwww...(100 bytes)")
Insert[xid=709] rel=16406 new=("5118","wwwwwwwwwwwwwwwwwwww...(100 bytes)")
Insert[xid=709] rel=16406 new=("5119","wwwwwwwwwwwwwwwwwwww...(100 bytes)")
Insert[xid=709] rel=16406 new=("5120","wwwwwwwwwwwwwwwwwwww...(100 bytes)")
Insert[xid=709] rel=16406 new=("5121","wwwwwwwwwwwwwwwwwwww...(100 bytes)")
Insert[xid=709] rel=16406 new=("5122","wwwwwwwwwwwwwwwwwwww...(100 bytes)")
Insert[xid=709] rel=16406 new=("5123","wwwwwwwwwwwwwwwwwwww...(100 bytes)")
Insert[xid=709] rel=16406 new=("5124","wwwwwwwwwwwwwwwwwwww...(100 bytes)")
Insert[xid=709] rel=16406 new=("5125","wwwwwwwwwwwwwwwwwwww...(100 bytes)")
Insert[xid=709] rel=16406 new=("5126","wwwwwwwwwwwwwwwwwwww...(100 bytes)")
Insert[xid=709] rel=16406 new=("5127","wwwwwwwwwwwwwwwwwwww...(100 bytes)")
Insert[xid=709] rel=16406 new=("5128","wwwwwwwwwwwwwwwwwwww...(100 bytes)")
Insert[xid=709] rel=16406 new=("5129","wwwwwwwwwwwwwwwwwwww...(100 bytes)")
Insert[xid=709] rel=16406 new=("5130","wwwwwwwwwwwwwwwwwwww...(100 bytes)")
Insert[xid=709] rel=16406 new=("5131","wwwwwwwwwwwwwwwwwwww...(100 bytes)")
Insert[xid=709] rel=16406 new=("5132","wwwwwwwwwwwwwwwwwwww...(100 bytes)")
Insert[xid=709] rel=16406 new=("5133","wwwwwwwwwwwwwwwwwwww...(100 bytes)")
Insert[xid=709] rel=16406 new=("5134","wwwwwwwwwwwwwwwwwwww...(100 bytes)")
Insert[xid=709] rel=16406 new=("5135","wwwwwwwwwwwwwwwwwwww...(100 bytes)")
Insert[xid=709] rel=16406 new=("5136","wwwwwwwwwwwwwwwwwwww...(100 bytes)")
Insert[xid=709] rel=16406 new=("5137","wwwwwwwwwwwwwwwwwwww...(100 bytes)")
Insert[xid=709] rel=16406 new=("5138","wwwwwwwwwwwwwwwwwwww...(100 bytes)")
Insert[xid=709] rel=16406 new=("5139","wwwwwwwwwwwwwwwwwwww...(100 bytes)")
Insert[xid=709] rel=16406 new=("5140","wwwwwwwwwwwwwwwwwwww...(100 bytes)")
Insert[xid=709] rel=16406 new=("5141","wwwwwwwwwwwwwwwwwwww...(100 bytes)")
Insert[xid=709] rel=16406 new=("5142","wwwwwwwwwwwwwwwwwwww...(100 bytes)")
Insert[xid=709] rel=16406 new=("5143","wwwwwwwwwwwwwwwwwwww...(100 bytes)")
Insert[xid=709] rel=16406 new=("5144","wwwwwwwwwwwwwwwwwwww...(100 bytes)")
Insert[xid=709] rel=16406 new=("5145","wwwwwwwwwwwwwwwwwwww...(100 bytes)")
Insert[xid=709] rel=16406 new=("5146","wwwwwwwwwwwwwwwwwwww...(100 bytes)")
Insert[xid=709] rel=16406 new=("5147","wwwwwwwwwwwwwwwwwwww...(100 bytes)")
Insert[xid=709] rel=16406 new=("5148","wwwwwwwwwwwwwwwwwwww...(100 bytes)")
Insert[xid=709] rel=16406 new=("5149","wwwwwwwwwwwwwwwwwwww...(100 bytes)")
Insert[xid=709] rel=16406 new=("5150","wwwwwwwwwwwwwwwwwwww...(100 bytes)")
Insert[xid=709] rel=16406 new=("5151","wwwwwwwwwwwwwwwwwwww...(100 bytes)")
Insert[xid=709] rel=16406 new=("5152","wwwwwwwwwwwwwwwwwwww...(100 bytes)")
Insert[xid=709] rel=16406 new=("5153","wwwwwwwwwwwwwwwwwwww...(100 bytes)")
Insert[xid=709] rel=16406 new=("5154","wwwwwwwwwwwwwwwwwwww...(100 bytes)")
Insert[xid=709] rel=16406 new=("5155","wwwwwwwwwwwwwwwwwwww...(100 bytes)")
Insert[xid=709] rel=16406 new=("5156","wwwwwwwwwwwwwwwwwwww...(100 bytes)")
Insert[xid=709] rel=16406 new=("5157","wwwwwwwwwwwwwwwwwwww...(100 bytes)")
Insert[xid=709] rel=16406 new=("5158","wwwwwwwwwwwwwwwwwwww...(100 bytes)")
Insert[xid=709] rel=16406 new=("5159","wwwwwwwwwwwwwwwwwwww...(100 bytes)")
Insert[xid=709] rel=16406 new=("5160","wwwwwwwwwwwwwwwwwwww...(100 bytes)")
Insert[xid=709] rel=16406 new=("5161","wwwwwwwwwwwwwwwwwwww...(100 bytes)")
Insert[xid=709] rel=16406 new=("5162","wwwwwwwwwwwwwwwwwwww...(100 bytes)")
Insert[xid=709] rel=16406 new=("5163","wwwwwwwwwwwwwwwwwwww...(100 bytes)")
Insert[xid=709] rel=16406 new=("5164","wwwwwwwwwwwwwwwwwwww...(100 bytes)")
Insert[xid=709] rel=16406 new=("5165","wwwwwwwwwwwwwwwwwwww...(100 bytes)")
Insert[xid=709] rel=16406 new=("5166","wwwwwwwwwwwwwwwwwwww...(100 bytes)")
Insert[xid=709] rel=16406 new=("5167","wwwwwwwwwwwwwwwwwwww...(100 bytes)")
Insert[xid=709] rel=16406 new=("5168","wwwwwwwwwwwwwwwwwwww...(100 bytes)")
Insert[xid=709] rel=16406 new=("5169","wwwwwwwwwwwwwwwwwwww...(100 bytes)")
Insert[xid=709] rel=16406 new=("5170","wwwwwwwwwwwwwwwwwwww...(100 bytes)")
Insert[xid=709] rel=16406 new=("5171","wwwwwwwwwwwwwwwwwwww...(100 bytes)")
Insert[xid=709] rel=16406 new=("5172","wwwwwwwwwwwwwwwwwwww...(100 bytes)")
Insert[xid=709] rel=16406 new=("5173","wwwwwwwwwwwwwwwwwwww...(100 bytes)")
Insert[xid=709] rel=16406 new=("5174","wwwwwwwwwwwwwwwwwwww...(100 bytes)")
Insert[xid=709] rel=16406 new=("5175","wwwwwwwwwwwwwwwwwwww...(100 bytes)")
Insert[xid=709] rel=16406 new=("5176","wwwwwwwwwwwwwwwwwwww...(100 bytes)")
Insert[xid=709] rel=16406 new=("5177","wwwwwwwwwwwwwwwwwwww...(100 bytes)")
Insert[xid=709] rel=16406 new=("5178","wwwwwwwwwwwwwwwwwwww...(100 bytes)")
Insert[xid=709] rel=16406 new=("5179","wwwwwwwwwwwwwwwwwwww...(100 bytes)")
Insert[xid=709] rel=16406 new=("5180","wwwwwwwwwwwwwwwwwwww...(100 bytes)")
Insert[xid=709] rel=16406 new=("5181","wwwwwwwwwwwwwwwwwwww...(100 bytes)")
Insert[xid=709] rel=16406 new=("5182","wwwwwwwwwwwwwwwwwwww...(100 bytes)")
Insert[xid=709] rel=16406 new=("5183","wwwwwwwwwwwwwwwwwwww...(100 bytes)")
Insert[xid=709] rel=16406 new=("5184","wwwwwwwwwwwwwwwwwwww...(100 bytes)")
Insert[xid=709] rel=16406 new=("5185","wwwwwwwwwwwwwwwwwwww...(100 bytes)")
Insert[xid=709] rel=16406 new=("5186","wwwwwwwwwwwwwwwwwwww...(100 bytes)")
Insert[xid=709] rel=16406 new=("5187","wwwwwwwwwwwwwwwwwwww...(100 bytes)")
Insert[xid=709] rel=16406 new=("5188","wwwwwwwwwwwwwwwwwwww...(100 bytes)")
Insert[xid=709] rel=16406 new=("5189","wwwwwwwwwwwwwwwwwwww...(100 bytes)")
Insert[xid=709] rel=16406 new=("5190","wwwwwwwwwwwwwwwwwwww...(100 bytes)")
Insert[xid=709] rel=16406 new=("5191","wwwwwwwwwwwwwwwwwwww...(100 bytes)")
Insert[xid=709] rel=16406 new=("5192","wwwwwwwwwwwwwwwwwwww...(100 bytes)")
Insert[xid=709] rel=16406 new=("5193","wwwwwwwwwwwwwwwwwwww...(100 bytes)")
Insert[xid=709] rel=16406 new=("5194","wwwwwwwwwwwwwwwwwwww...(100 bytes)")
Insert[xid=709] rel=16406 new=("5195","wwwwwwwwwwwwwwwwwwww...(100 bytes)")
Insert[xid=709] rel=16406 new=("5196","wwwwwwwwwwwwwwwwwwww...(100 bytes)")
Insert[xid=709] rel=16406 new=("5197","wwwwwwwwwwwwwwwwwwww...(100 bytes)")
Insert[xid=709] rel=16406 new=("5198","wwwwwwwwwwwwwwwwwwww...(100 bytes)")
Insert[xid=709] rel=16406 new=("5199","wwwwwwwwwwwwwwwwwwww...(100 bytes)")
Insert[xid=709] rel=16406 new=("5200","wwwwwwwwwwwwwwwwwwww...(100 bytes)")
Insert[xid=709] rel=16406 new=("5201","wwwwwwwwwwwwwwwwwwww...(100 bytes)")
Insert[xid=709] rel=16406 new=("5202","wwwwwwwwwwwwwwwwwwww...(100 bytes)")
Insert[xid=709] rel=16406 new=("5203","wwwwwwwwwwwwwwwwwwww...(100 bytes)")
Insert[xid=709] rel=16406 new=("5204","wwwwwwwwwwwwwwwwwwww...(100 bytes)")
Insert[xid=709] rel=16406 new=("5205","wwwwwwwwwwwwwwwwwwww...(100 bytes)")
Insert[xid=709] rel=16406 new=("5206","wwwwwwwwwwwwwwwwwwww...(100 bytes)")
Insert[xid=709] rel=16406 new=("5207","wwwwwwwwwwwwwwwwwwww...(100 bytes)")
Insert[xid=709] rel=16406 new=("5208","wwwwwwwwwwwwwwwwwwww...(100 bytes)")
Insert[xid=709] rel=16406 new=("5209","wwwwwwwwwwwwwwwwwwww...(100 bytes)")
Insert[xid=709] rel=16406 new=("5210","wwwwwwwwwwwwwwwwwwww...(100 bytes)")
Insert[xid=709] rel=16406 new=("5211","wwwwwwwwwwwwwwwwwwww...(100 bytes)")
Insert[xid=709] rel=16406 new=("5212","wwwwwwwwwwwwwwwwwwww...(100 bytes)")
Insert[xid=709] rel=16406 new=("5213","wwwwwwwwwwwwwwwwwwww...(100 bytes)")
Insert[xid=709] rel=16406 new=("5214","wwwwwwwwwwwwwwwwwwww...(100 bytes)")
Insert[xid=709] rel=16406 new=("5215","wwwwwwwwwwwwwwwwwwww...(100 bytes)")
Insert[xid=709] rel=16406 new=("5216","wwwwwwwwwwwwwwwwwwww...(100 bytes)")
Insert[xid=709] rel=16406 new=("5217","wwwwwwwwwwwwwwwwwwww...(100 bytes)")
Insert[xid=709] rel=16406 new=("5218","wwwwwwwwwwwwwwwwwwww...(100 bytes)")
Insert[xid=709] rel=16406 new=("5219","wwwwwwwwwwwwwwwwwwww...(100 bytes)")
Insert[xid=709] rel=16406 new=("5220","wwwwwwwwwwwwwwwwwwww...(100 bytes)")
Insert[xid=709] rel=16406 new=("5221","wwwwwwwwwwwwwwwwwwww...(100 bytes)")
Insert[xid=709] rel=16406 new=("5222","wwwwwwwwwwwwwwwwwwww...(100 bytes)")
Insert[xid=709] rel=16406 new=("5223","wwwwwwwwwwwwwwwwwwww...(100 bytes)")
Insert[xid=709] rel=16406 new=("5224","wwwwwwwwwwwwwwwwwwww...(100 bytes)")
Insert[xid=709] rel=16406 new=("5225","wwwwwwwwwwwwwwwwwwww...(100 bytes)")
Insert[xid=709] rel=16406 new=("5226","wwwwwwwwwwwwwwwwwwww...(100 bytes)")
Insert[xid=709] rel=16406 new=("5227","wwwwwwwwwwwwwwwwwwww...(100 bytes)")
Insert[xid=709] rel=16406 new=("5228","wwwwwwwwwwwwwwwwwwww...(100 bytes)")
Insert[xid=709] rel=16406 new=("5229","wwwwwwwwwwwwwwwwwwww...(100 bytes)")
Insert[xid=709] rel=16406 new=("5230","wwwwwwwwwwwwwwwwwwww...(100 bytes)")
Insert[xid=709] rel=16406 new=("5231","wwwwwwwwwwwwwwwwwwww...(100 bytes)")
Insert[xid=709] rel=16406 new=("5232","wwwwwwwwwwwwwwwwwwww...(100 bytes)")
Insert[xid=709] rel=16406 new=("5233","wwwwwwwwwwwwwwwwwwww...(100 bytes)")
Insert[xid=709] rel=16406 new=("5234","wwwwwwwwwwwwwwwwwwww...(100 bytes)")
Insert[xid=709] rel=16406 new=("5235","wwwwwwwwwwwwwwwwwwww...(100 bytes)")
Insert[xid=709] rel=16406 new=("5236","wwwwwwwwwwwwwwwwwwww...(100 bytes)")
Insert[xid=709] rel=16406 new=("5237","wwwwwwwwwwwwwwwwwwww...(100 bytes)")
Insert[xid=709] rel=16406 new=("5238","wwwwwwwwwwwwwwwwwwww...(100 bytes)")
Insert[xid=709] rel=16406 new=("5239","wwwwwwwwwwwwwwwwwwww...(100 bytes)")
Insert[xid=709] rel=16406 new=("5240","wwwwwwwwwwwwwwwwwwww...(100 bytes)")
Insert[xid=709] rel=16406 new=("5241","wwwwwwwwwwwwwwwwwwww...(100 bytes)")
Insert[xid=709] rel=16406 new=("5242","wwwwwwwwwwwwwwwwwwww...(100 bytes)")
Insert[xid=709] rel=16406 new=("5243","wwwwwwwwwwwwwwwwwwww...(100 bytes)")
Insert[xid=709] rel=16406 new=("5244","wwwwwwwwwwwwwwwwwwww...(100 bytes)")
Insert[xid=709] rel=16406 new=("5245","wwwwwwwwwwwwwwwwwwww...(100 bytes)")
Insert[xid=709] rel=16406 new=("5246","wwwwwwwwwwwwwwwwwwww...(100 bytes)")
Insert[xid=709] rel=16406 new=("5247","wwwwwwwwwwwwwwwwwwww...(100 bytes)")
Insert[xid=709] rel=16406 new=("5248","wwwwwwwwwwwwwwwwwwww...(100 bytes)")
Insert[xid=709] rel=16406 new=("5249","wwwwwwwwwwwwwwwwwwww...(100 bytes)")
Insert[xid=709] rel=16406 new=("5250","wwwwwwwwwwwwwwwwwwww...(100 bytes)")
Insert[xid=709] rel=16406 new=("5251","wwwwwwwwwwwwwwwwwwww...(100 bytes)")
Insert[xid=709] rel=16406 new=("5252","wwwwwwwwwwwwwwwwwwww...(100 bytes)")
Insert[xid=709] rel=16406 new=("5253","wwwwwwwwwwwwwwwwwwww...(100 bytes)")
Insert[xid=709] rel=16406 new=("5254","wwwwwwwwwwwwwwwwwwww...(100 bytes)")
Insert[xid=709] rel=16406 new=("5255","wwwwwwwwwwwwwwwwwwww...(100 bytes)")
Insert[xid=709] rel=16406 new=("5256","wwwwwwwwwwwwwwwwwwww...(100 bytes)")
Insert[xid=709] rel=16406 new=("5257","wwwwwwwwwwwwwwwwwwww...(100 bytes)")
Insert[xid=709] rel=16406 new=("5258","wwwwwwwwwwwwwwwwwwww...(100 bytes)")
Insert[xid=709] rel=16406 new=("5259","wwwwwwwwwwwwwwwwwwww...(100 bytes)")
Insert[xid=709] rel=16406 new=("5260","wwwwwwwwwwwwwwwwwwww...(100 bytes)")
Insert[xid=709] rel=16406 new=("5261","wwwwwwwwwwwwwwwwwwww...(100 bytes)")
Insert[xid=709] rel=16406 new=("5262","wwwwwwwwwwwwwwwwwwww...(100 bytes)")
Insert[xid=709] rel=16406 new=("5263","wwwwwwwwwwwwwwwwwwww...(100 bytes)")
Insert[xid=709] rel=16406 new=("5264","wwwwwwwwwwwwwwwwwwww...(100 bytes)")
Insert[xid=709] rel=16406 new=("5265","wwwwwwwwwwwwwwwwwwww...(100 bytes)")
Insert[xid=709] rel=16406 new=("5266","wwwwwwwwwwwwwwwwwwww...(100 bytes)")
Insert[xid=709] rel=16406 new=("5267","wwwwwwwwwwwwwwwwwwww...(100 bytes)")
Insert[xid=709] rel=16406 new=("5268","wwwwwwwwwwwwwwwwwwww...(100 bytes)")
Insert[xid=709] rel=16406 new=("5269","wwwwwwwwwwwwwwwwwwww...(100 bytes)")
Insert[xid=709] rel=16406 new=("5270","wwwwwwwwwwwwwwwwwwww...(100 bytes)")
Insert[xid=709] rel=16406 new=("5271","wwwwwwwwwwwwwwwwwwww...(100 bytes)")
Insert[xid=709] rel=16406 new=("5272","wwwwwwwwwwwwwwwwwwww...(100 bytes)")
Insert[xid=709] rel=16406 new=("5273","wwwwwwwwwwwwwwwwwwww...(100 bytes)")
Insert[xid=709] rel=16406 new=("5274","wwwwwwwwwwwwwwwwwwww...(100 bytes)")
Insert[xid=709] rel=16406 new=("5275","wwwwwwwwwwwwwwwwwwww...(100 bytes)")
Insert[xid=709] rel=16406 new=("5276","wwwwwwwwwwwwwwwwwwww...(100 bytes)")
Insert[xid=709] rel=16406 new=("5277","wwwwwwwwwwwwwwwwwwww...(100 bytes)")
Insert[xid=709] rel=16406 new=("5278","wwwwwwwwwwwwwwwwwwww...(100 bytes)")
Insert[xid=709] rel=16406 new=("5279","wwwwwwwwwwwwwwwwwwww...(100 bytes)")
Insert[xid=709] rel=16406 new=("5280","wwwwwwwwwwwwwwwwwwww...(100 bytes)")
StreamStop
StreamStart xid=708 first=false
Insert[xid=709] rel=16406 new=("5281","wwwwwwwwwwwwwwwwwwww...(100 bytes)")
Insert[xid=709] rel=16406 new=("5282","wwwwwwwwwwwwwwwwwwww...(100 bytes)")
Insert[xid=709] rel=16406 new=("5283","wwwwwwwwwwwwwwwwwwww...(100 bytes)")
Insert[xid=709] rel=16406 new=("5284","wwwwwwwwwwwwwwwwwwww...(100 bytes)")
Insert[xid=709] rel=16406 new=("5285","wwwwwwwwwwwwwwwwwwww...(100 bytes)")
Insert[xid=709] rel=16406 new=("5286","wwwwwwwwwwwwwwwwwwww...(100 bytes)")
Insert[xid=709] rel=16406 new=("5287","wwwwwwwwwwwwwwwwwwww...(100 bytes)")
Insert[xid=709] rel=16406 new=("5288","wwwwwwwwwwwwwwwwwwww...(100 bytes)")
Insert[xid=709] rel=16406 new=("5289","wwwwwwwwwwwwwwwwwwww...(100 bytes)")
Insert[xid=709] rel=16406 new=("5290","wwwwwwwwwwwwwwwwwwww...(100 bytes)")
Insert[xid=709] rel=16406 new=("5291","wwwwwwwwwwwwwwwwwwww...(100 bytes)")
Insert[xid=709] rel=16406 new=("5292","wwwwwwwwwwwwwwwwwwww...(100 bytes)")
Insert[xid=709] rel=16406 new=("5293","wwwwwwwwwwwwwwwwwwww...(100 bytes)")
Insert[xid=709] rel=16406 new=("5294","wwwwwwwwwwwwwwwwwwww...(100 bytes)")
Insert[xid=709] rel=16406 new=("5295","wwwwwwwwwwwwwwwwwwww...(100 bytes)")
Insert[xid=709] rel=16406 new=("5296","wwwwwwwwwwwwwwwwwwww...(100 bytes)")
Insert[xid=709] rel=16406 new=("5297","wwwwwwwwwwwwwwwwwwww...(100 bytes)")
Insert[xid=709] rel=16406 new=("5298","wwwwwwwwwwwwwwwwwwww...(100 bytes)")
Insert[xid=709] rel=16406 new=("5299","wwwwwwwwwwwwwwwwwwww...(100 bytes)")
Insert[xid=709] rel=16406 new=("5300","wwwwwwwwwwwwwwwwwwww...(100 bytes)")
Insert[xid=709] rel=16406 new=("5301","wwwwwwwwwwwwwwwwwwww...(100 bytes)")
Insert[xid=709] rel=16406 new=("5302","wwwwwwwwwwwwwwwwwwww...(100 bytes)")
Insert[xid=709] rel=16406 new=("5303","wwwwwwwwwwwwwwwwwwww...(100 bytes)")
Insert[xid=709] rel=16406 new=("5304","wwwwwwwwwwwwwwwwwwww...(100 bytes)")
Insert[xid=709] rel=16406 new=("5305","wwwwwwwwwwwwwwwwwwww...(100 bytes)")
Insert[xid=709] rel=16406 new=("5306","wwwwwwwwwwwwwwwwwwww...(100 bytes)")
Insert[xid=709] rel=16406 new=("5307","wwwwwwwwwwwwwwwwwwww...(100 bytes)")
Insert[xid=709] rel=16406 new=("5308","wwwwwwwwwwwwwwwwwwww...(100 bytes)")
Insert[xid=709] rel=16406 new=("5309","wwwwwwwwwwwwwwwwwwww...(100 bytes)")
Insert[xid=709] rel=16406 new=("5310","wwwwwwwwwwwwwwwwwwww...(100 bytes)")
Insert[xid=709] rel=16406 new=("5311","wwwwwwwwwwwwwwwwwwww...(100 bytes)")
Insert[xid=709] rel=16406 new=("5312","wwwwwwwwwwwwwwwwwwww...(100 bytes)")
Insert[xid=709] rel=16406 new=("5313","wwwwwwwwwwwwwwwwwwww...(100 bytes)")
Insert[xid=709] rel=16406 new=("5314","wwwwwwwwwwwwwwwwwwww...(100 bytes)")
Insert[xid=709] rel=16406 new=("5315","wwwwwwwwwwwwwwwwwwww...(100 bytes)")
Insert[xid=709] rel=16406 new=("5316","wwwwwwwwwwwwwwwwwwww...(100 bytes)")
Insert[xid=709] rel=16406 new=("5317","wwwwwwwwwwwwwwwwwwww...(100 bytes)")
Insert[xid=709] rel=16406 new=("5318","wwwwwwwwwwwwwwwwwwww...(100 bytes)")
Insert[xid=709] rel=16406 new=("5319","wwwwwwwwwwwwwwwwwwww...(100 bytes)")
Insert[xid=709] rel=16406 new=("5320","wwwwwwwwwwwwwwwwwwww...(100 bytes)")
Insert[xid=709] rel=16406 new=("5321","wwwwwwwwwwwwwwwwwwww...(100 bytes)")
Insert[xid=709] rel=16406 new=("5322","wwwwwwwwwwwwwwwwwwww...(100 bytes)")
Insert[xid=709] rel=16406 new=("5323","wwwwwwwwwwwwwwwwwwww...(100 bytes)")
Insert[xid=709] rel=16406 new=("5324","wwwwwwwwwwwwwwwwwwww...(100 bytes)")
Insert[xid=709] rel=16406 new=("5325","wwwwwwwwwwwwwwwwwwww...(100 bytes)")
Insert[xid=709] rel=16406 new=("5326","wwwwwwwwwwwwwwwwwwww...(100 bytes)")
Insert[xid=709] rel=16406 new=("5327","wwwwwwwwwwwwwwwwwwww...(100 bytes)")
Insert[xid=709] rel=16406 new=("5328","wwwwwwwwwwwwwwwwwwww...(100 bytes)")
Insert[xid=709] rel=16406 new=("5329","wwwwwwwwwwwwwwwwwwww...(100 bytes)")
Insert[xid=709] rel=16406 new=("5330","wwwwwwwwwwwwwwwwwwww...(100 bytes)")
Insert[xid=709] rel=16406 new=("5331","wwwwwwwwwwwwwwwwwwww...(100 bytes)")
Insert[xid=709] rel=16406 new=("5332","wwwwwwwwwwwwwwwwwwww...(100 bytes)")
Insert[xid=709] rel=16406 new=("5333","wwwwwwwwwwwwwwwwwwww...(100 bytes)")
Insert[xid=709] rel=16406 new=("5334","wwwwwwwwwwwwwwwwwwww...(100 bytes)")
Insert[xid=709] rel=16406 new=("5335","wwwwwwwwwwwwwwwwwwww...(100 bytes)")
Insert[xid=709] rel=16406 new=("5336","wwwwwwwwwwwwwwwwwwww...(100 bytes)")
Insert[xid=709] rel=16406 new=("5337","wwwwwwwwwwwwwwwwwwww...(100 bytes)")
Insert[xid=709] rel=16406 new=("5338","wwwwwwwwwwwwwwwwwwww...(100 bytes)")
Insert[xid=709] rel=16406 new=("5339","wwwwwwwwwwwwwwwwwwww...(100 bytes)")
Insert[xid=709] rel=16406 new=("5340","wwwwwwwwwwwwwwwwwwww...(100 bytes)")
Insert[xid=709] rel=16406 new=("5341","wwwwwwwwwwwwwwwwwwww...(100 bytes)")
Insert[xid=709] rel=16406 new=("5342","wwwwwwwwwwwwwwwwwwww...(100 bytes)")
Insert[xid=709] rel=16406 new=("5343","wwwwwwwwwwwwwwwwwwww...(100 bytes)")
Insert[xid=709] rel=16406 new=("5344","wwwwwwwwwwwwwwwwwwww...(100 bytes)")
Insert[xid=709] rel=16406 new=("5345","wwwwwwwwwwwwwwwwwwww...(100 bytes)")
Insert[xid=709] rel=16406 new=("5346","wwwwwwwwwwwwwwwwwwww...(100 bytes)")
Insert[xid=709] rel=16406 new=("5347","wwwwwwwwwwwwwwwwwwww...(100 bytes)")
Insert[xid=709] rel=16406 new=("5348","wwwwwwwwwwwwwwwwwwww...(100 bytes)")
Insert[xid=709] rel=16406 new=("5349","wwwwwwwwwwwwwwwwwwww...(100 bytes)")
Insert[xid=709] rel=16406 new=("5350","wwwwwwwwwwwwwwwwwwww...(100 bytes)")
Insert[xid=709] rel=16406 new=("5351","wwwwwwwwwwwwwwwwwwww...(100 bytes)")
Insert[xid=709] rel=16406 new=("5352","wwwwwwwwwwwwwwwwwwww...(100 bytes)")
Insert[xid=709] rel=16406 new=("5353","wwwwwwwwwwwwwwwwwwww...(100 bytes)")
Insert[xid=709] rel=16406 new=("5354","wwwwwwwwwwwwwwwwwwww...(100 bytes)")
Insert[xid=709] rel=16406 new=("5355","wwwwwwwwwwwwwwwwwwww...(100 bytes)")
Insert[xid=709] rel=16406 new=("5356","wwwwwwwwwwwwwwwwwwww...(100 bytes)")
Insert[xid=709] rel=16406 new=("5357","wwwwwwwwwwwwwwwwwwww...(100 bytes)")
Insert[xid=709] rel=16406 new=("5358","wwwwwwwwwwwwwwwwwwww...(100 bytes)")
Insert[xid=709] rel=16406 new=("5359","wwwwwwwwwwwwwwwwwwww...(100 bytes)")
Insert[xid=709] rel=16406 new=("5360","wwwwwwwwwwwwwwwwwwww...(100 bytes)")
Insert[xid=709] rel=16406 new=("5361","wwwwwwwwwwwwwwwwwwww...(100 bytes)")
Insert[xid=709] rel=16406 new=("5362","wwwwwwwwwwwwwwwwwwww...(100 bytes)")
Insert[xid=709] rel=16406 new=("5363","wwwwwwwwwwwwwwwwwwww...(100 bytes)")
Insert[xid=709] rel=16406 new=("5364","wwwwwwwwwwwwwwwwwwww...(100 bytes)")
Insert[xid=709] rel=16406 new=("5365","wwwwwwwwwwwwwwwwwwww...(100 bytes)")
Insert[xid=709] rel=16406 new=("5366","wwwwwwwwwwwwwwwwwwww...(100 bytes)")
Insert[xid=709] rel=16406 new=("5367","wwwwwwwwwwwwwwwwwwww...(100 bytes)")
Insert[xid=709] rel=16406 new=("5368","wwwwwwwwwwwwwwwwwwww...(100 bytes)")
Insert[xid=709] rel=16406 new=("5369","wwwwwwwwwwwwwwwwwwww...(100 bytes)")
Insert[xid=709] rel=16406 new=("5370","wwwwwwwwwwwwwwwwwwww...(100 bytes)")
Insert[xid=709] rel=16406 new=("5371","wwwwwwwwwwwwwwwwwwww...(100 bytes)")
Insert[xid=709] rel=16406 new=("5372","wwwwwwwwwwwwwwwwwwww...(100 bytes)")
Insert[xid=709] rel=16406 new=("5373","wwwwwwwwwwwwwwwwwwww...(100 bytes)")
Insert[xid=709] rel=16406 new=("5374","wwwwwwwwwwwwwwwwwwww...(100 bytes)")
Insert[xid=709] rel=16406 new=("5375","wwwwwwwwwwwwwwwwwwww...(100 bytes)")
Insert[xid=709] rel=16406 new=("5376","wwwwwwwwwwwwwwwwwwww...(100 bytes)")
Insert[xid=709] rel=16406 new=("5377","wwwwwwwwwwwwwwwwwwww...(100 bytes)")
Insert[xid=709] rel=16406 new=("5378","wwwwwwwwwwwwwwwwwwww...(100 bytes)")
Insert[xid=709] rel=16406 new=("5379","wwwwwwwwwwwwwwwwwwww...(100 bytes)")
Insert[xid=709] rel=16406 new=("5380","wwwwwwwwwwwwwwwwwwww...(100 bytes)")
Insert[xid=709] rel=16406 new=("5381","wwwwwwwwwwwwwwwwwwww...(100 bytes)")
Insert[xid=709] rel=16406 new=("5382","wwwwwwwwwwwwwwwwwwww...(100 bytes)")
Insert[xid=709] rel=16406 new=("5383","wwwwwwwwwwwwwwwwwwww...(100 bytes)")
Insert[xid=709] rel=16406 new=("5384","wwwwwwwwwwwwwwwwwwww...(100 bytes)")
Insert[xid=709] rel=16406 new=("5385","wwwwwwwwwwwwwwwwwwww...(100 bytes)")
Insert[xid=709] rel=16406 new=("5386","wwwwwwwwwwwwwwwwwwww...(100 bytes)")
Insert[xid=709] rel=16406 new=("5387","wwwwwwwwwwwwwwwwwwww...(100 bytes)")
Insert[xid=709] rel=16406 new=("5388","wwwwwwwwwwwwwwwwwwww...(100 bytes)")
Insert[xid=709] rel=16406 new=("5389","wwwwwwwwwwwwwwwwwwww...(100 bytes)")
Insert[xid=709] rel=16406 new=("5390","wwwwwwwwwwwwwwwwwwww...(100 bytes)")
Insert[xid=709] rel=16406 new=("5391","wwwwwwwwwwwwwwwwwwww...(100 bytes)")
Insert[xid=709] rel=16406 new=("5392","wwwwwwwwwwwwwwwwwwww...(100 bytes)")
Insert[xid=709] rel=16406 new=("5393","wwwwwwwwwwwwwwwwwwww...(100 bytes)")
Insert[xid=709] rel=16406 new=("5394","wwwwwwwwwwwwwwwwwwww...(100 bytes)")
Insert[xid=709] rel=16406 new=("5395","wwwwwwwwwwwwwwwwwwww...(100 bytes)")
Insert[xid=709] rel=16406 new=("5396","wwwwwwwwwwwwwwwwwwww...(100 bytes)")
Insert[xid=709] rel=16406 new=("5397","wwwwwwwwwwwwwwwwwwww...(100 bytes)")
Insert[xid=709] rel=16406 new=("5398","wwwwwwwwwwwwwwwwwwww...(100 bytes)")
Insert[xid=709] rel=16406 new=("5399","wwwwwwwwwwwwwwwwwwww...(100 bytes)")
Insert[xid=709] rel=16406 new=("5400","wwwwwwwwwwwwwwwwwwww...(100 bytes)")
Insert[xid=709] rel=16406 new=("5401","wwwwwwwwwwwwwwwwwwww...(100 bytes)")
Insert[xid=709] rel=16406 new=("5402","wwwwwwwwwwwwwwwwwwww...(100 bytes)")
Insert[xid=709] rel=16406 new=("5403","wwwwwwwwwwwwwwwwwwww...(100 bytes)")
Insert[xid=709] rel=16406 new=("5404","wwwwwwwwwwwwwwwwwwww...(100 bytes)")
Insert[xid=709] rel=16406 new=("5405","wwwwwwwwwwwwwwwwwwww...(100 bytes)")
Insert[xid=709] rel=16406 new=("5406","wwwwwwwwwwwwwwwwwwww...(100 bytes)")
Insert[xid=709] rel=16406 new=("5407","wwwwwwwwwwwwwwwwwwww...(100 bytes)")
Insert[xid=709] rel=16406 new=("5408","wwwwwwwwwwwwwwwwwwww...(100 bytes)")
Insert[xid=709] rel=16406 new=("5409","wwwwwwwwwwwwwwwwwwww...(100 bytes)")
Insert[xid=709] rel=16406 new=("5410","wwwwwwwwwwwwwwwwwwww...(100 bytes)")
Insert[xid=709] rel=16406 new=("5411","wwwwwwwwwwwwwwwwwwww...(100 bytes)")
Insert[xid=709] rel=16406 new=("5412","wwwwwwwwwwwwwwwwwwww...(100 bytes)")
Insert[xid=709] rel=16406 new=("5413","wwwwwwwwwwwwwwwwwwww...(100 bytes)")
Insert[xid=709] rel=16406 new=("5414","wwwwwwwwwwwwwwwwwwww...(100 bytes)")
Insert[xid=709] rel=16406 new=("5415","wwwwwwwwwwwwwwwwwwww...(100 bytes)")
Insert[xid=709] rel=16406 new=("5416","wwwwwwwwwwwwwwwwwwww...(100 bytes)")
Insert[xid=709] rel=16406 new=("5417","wwwwwwwwwwwwwwwwwwww...(100 bytes)")
Insert[xid=709] rel=16406 new=("5418","wwwwwwwwwwwwwwwwwwww...(100 bytes)")
Insert[xid=709] rel=16406 new=("5419","wwwwwwwwwwwwwwwwwwww...(100 bytes)")
Insert[xid=709] rel=16406 new=("5420","wwwwwwwwwwwwwwwwwwww...(100 bytes)")
Insert[xid=709] rel=16406 new=("5421","wwwwwwwwwwwwwwwwwwww...(100 bytes)")
Insert[xid=709] rel=16406 new=("5422","wwwwwwwwwwwwwwwwwwww...(100 bytes)")
Insert[xid=709] rel=16406 new=("5423","wwwwwwwwwwwwwwwwwwww...(100 bytes)")
Insert[xid=709] rel=16406 new=("5424","wwwwwwwwwwwwwwwwwwww...(100 bytes)")
Insert[xid=709] rel=16406 new=("5425","wwwwwwwwwwwwwwwwwwww...(100 bytes)")
Insert[xid=709] rel=16406 new=("5426","wwwwwwwwwwwwwwwwwwww...(100 bytes)")
Insert[xid=709] rel=16406 new=("5427","wwwwwwwwwwwwwwwwwwww...(100 bytes)")
Insert[xid=709] rel=16406 new=("5428","wwwwwwwwwwwwwwwwwwww...(100 bytes)")
Insert[xid=709] rel=16406 new=("5429","wwwwwwwwwwwwwwwwwwww...(100 bytes)")
Insert[xid=709] rel=16406 new=("5430","wwwwwwwwwwwwwwwwwwww...(100 bytes)")
Insert[xid=709] rel=16406 new=("5431","wwwwwwwwwwwwwwwwwwww...(100 bytes)")
Insert[xid=709] rel=16406 new=("5432","wwwwwwwwwwwwwwwwwwww...(100 bytes)")
Insert[xid=709] rel=16406 new=("5433","wwwwwwwwwwwwwwwwwwww...(100 bytes)")
Insert[xid=709] rel=16406 new=("5434","wwwwwwwwwwwwwwwwwwww...(100 bytes)")
Insert[xid=709] rel=16406 new=("5435","wwwwwwwwwwwwwwwwwwww...(100 bytes)")
Insert[xid=709] rel=16406 new=("5436","wwwwwwwwwwwwwwwwwwww...(100 bytes)")
Insert[xid=709] rel=16406 new=("5437","wwwwwwwwwwwwwwwwwwww...(100 bytes)")
Insert[xid=709] rel=16406 new=("5438","wwwwwwwwwwwwwwwwwwww...(100 bytes)")
Insert[xid=709] rel=16406 new=("5439","wwwwwwwwwwwwwwwwwwww...(100 bytes)")
Insert[xid=709] rel=16406 new=("5440","wwwwwwwwwwwwwwwwwwww...(100 bytes)")
Insert[xid=709] rel=16406 new=("5441","wwwwwwwwwwwwwwwwwwww...(100 bytes)")
Insert[xid=709] rel=16406 new=("5442","wwwwwwwwwwwwwwwwwwww...(100 bytes)")
Insert[xid=709] rel=16406 new=("5443","wwwwwwwwwwwwwwwwwwww...(100 bytes)")
Insert[xid=709] rel=16406 new=("5444","wwwwwwwwwwwwwwwwwwww...(100 bytes)")
Insert[xid=709] rel=16406 new=("5445","wwwwwwwwwwwwwwwwwwww...(100 bytes)")
Insert[xid=709] rel=16406 new=("5446","wwwwwwwwwwwwwwwwwwww...(100 bytes)")
Insert[xid=709] rel=16406 new=("5447","wwwwwwwwwwwwwwwwwwww...(100 bytes)")
Insert[xid=709] rel=16406 new=("5448","wwwwwwwwwwwwwwwwwwww...(100 bytes)")
Insert[xid=709] rel=16406 new=("5449","wwwwwwwwwwwwwwwwwwww...(100 bytes)")
Insert[xid=709] rel=16406 new=("5450","wwwwwwwwwwwwwwwwwwww...(100 bytes)")
Insert[xid=709] rel=16406 new=("5451","wwwwwwwwwwwwwwwwwwww...(100 bytes)")
Insert[xid=709] rel=16406 new=("5452","wwwwwwwwwwwwwwwwwwww...(100 bytes)")
Insert[xid=709] rel=16406 new=("5453","wwwwwwwwwwwwwwwwwwww...(100 bytes)")
Insert[xid=709] rel=16406 new=("5454","wwwwwwwwwwwwwwwwwwww...(100 bytes)")
Insert[xid=709] rel=16406 new=("5455","wwwwwwwwwwwwwwwwwwww...(100 bytes)")
Insert[xid=709] rel=16406 new=("5456","wwwwwwwwwwwwwwwwwwww...(100 bytes)")
Insert[xid=709] rel=16406 new=("5457","wwwwwwwwwwwwwwwwwwww...(100 bytes)")
Insert[xid=709] rel=16406 new=("5458","wwwwwwwwwwwwwwwwwwww...(100 bytes)")
Insert[xid=709] rel=16406 new=("5459","wwwwwwwwwwwwwwwwwwww...(100 bytes)")
Insert[xid=709] rel=16406 new=("5460","wwwwwwwwwwwwwwwwwwww...(100 bytes)")
Insert[xid=709] rel=16406 new=("5461","wwwwwwwwwwwwwwwwwwww...(100 bytes)")
Insert[xid=709] rel=16406 new=("5462","wwwwwwwwwwwwwwwwwwww...(100 bytes)")
Insert[xid=709] rel=16406 new=("5463","wwwwwwwwwwwwwwwwwwww...(100 bytes)")
Insert[xid=709] rel=16406 new=("5464","wwwwwwwwwwwwwwwwwwww...(100 bytes)")
Insert[xid=709] rel=16406 new=("5465","wwwwwwwwwwwwwwwwwwww...(100 bytes)")
Insert[xid=709] rel=16406 new=("5466","wwwwwwwwwwwwwwwwwwww...(100 bytes)")
Insert[xid=709] rel=16406 new=("5467","wwwwwwwwwwwwwwwwwwww...(100 bytes)")
Insert[xid=709] rel=16406 new=("5468","wwwwwwwwwwwwwwwwwwww...(100 bytes)")
Insert[xid=709] rel=16406 new=("5469","wwwwwwwwwwwwwwwwwwww...(100 bytes)")
Insert[xid=709] rel=16406 new=("5470","wwwwwwwwwwwwwwwwwwww...(100 bytes)")
Insert[xid=709] rel=16406 new=("5471","wwwwwwwwwwwwwwwwwwww...(100 bytes)")
Insert[xid=709] rel=16406 new=("5472","wwwwwwwwwwwwwwwwwwww...(100 bytes)")
Insert[xid=709] rel=16406 new=("5473","wwwwwwwwwwwwwwwwwwww...(100 bytes)")
Insert[xid=709] rel=16406 new=("5474","wwwwwwwwwwwwwwwwwwww...(100 bytes)")
Insert[xid=709] rel=16406 new=("5475","wwwwwwwwwwwwwwwwwwww...(100 bytes)")
Insert[xid=709] rel=16406 new=("5476","wwwwwwwwwwwwwwwwwwww...(100 bytes)")
Insert[xid=709] rel=16406 new=("5477","wwwwwwwwwwwwwwwwwwww...(100 bytes)")
Insert[xid=709] rel=16406 new=("5478","wwwwwwwwwwwwwwwwwwww...(100 bytes)")
Insert[xid=709] rel=16406 new=("5479","wwwwwwwwwwwwwwwwwwww...(100 bytes)")
Insert[xid=709] rel=16406 new=("5480","wwwwwwwwwwwwwwwwwwww...(100 bytes)")
Insert[xid=709] rel=16406 new=("5481","wwwwwwwwwwwwwwwwwwww...(100 bytes)")
Insert[xid=709] rel=16406 new=("5482","wwwwwwwwwwwwwwwwwwww...(100 bytes)")
Insert[xid=709] rel=16406 new=("5483","wwwwwwwwwwwwwwwwwwww...(100 bytes)")
Insert[xid=709] rel=16406 new=("5484","wwwwwwwwwwwwwwwwwwww...(100 bytes)")
Insert[xid=709] rel=16406 new=("5485","wwwwwwwwwwwwwwwwwwww...(100 bytes)")
Insert[xid=709] rel=16406 new=("5486","wwwwwwwwwwwwwwwwwwww...(100 bytes)")
Insert[xid=709] rel=16406 new=("5487","wwwwwwwwwwwwwwwwwwww...(100 bytes)")
Insert[xid=709] rel=16406 new=("5488","wwwwwwwwwwwwwwwwwwww...(100 bytes)")
Insert[xid=709] rel=16406 new=("5489","wwwwwwwwwwwwwwwwwwww...(100 bytes)")
Insert[xid=709] rel=16406 new=("5490","wwwwwwwwwwwwwwwwwwww...(100 bytes)")
Insert[xid=709] rel=16406 new=("5491","wwwwwwwwwwwwwwwwwwww...(100 bytes)")
Insert[xid=709] rel=16406 new=("5492","wwwwwwwwwwwwwwwwwwww...(100 bytes)")
Insert[xid=709] rel=16406 new=("5493","wwwwwwwwwwwwwwwwwwww...(100 bytes)")
Insert[xid=709] rel=16406 new=("5494","wwwwwwwwwwwwwwwwwwww...(100 bytes)")
Insert[xid=709] rel=16406 new=("5495","wwwwwwwwwwwwwwwwwwww...(100 bytes)")
Insert[xid=709] rel=16406 new=("5496","wwwwwwwwwwwwwwwwwwww...(100 bytes)")
Insert[xid=709] rel=16406 new=("5497","wwwwwwwwwwwwwwwwwwww...(100 bytes)")
Insert[xid=709] rel=16406 new=("5498","wwwwwwwwwwwwwwwwwwww...(100 bytes)")
Insert[xid=709] rel=16406 new=("5499","wwwwwwwwwwwwwwwwwwww...(100 bytes)")
Insert[xid=709] rel=16406 new=("5500","wwwwwwwwwwwwwwwwwwww...(100 bytes)")
Insert[xid=709] rel=16406 new=("5501","wwwwwwwwwwwwwwwwwwww...(100 bytes)")
Insert[xid=709] rel=16406 new=("5502","wwwwwwwwwwwwwwwwwwww...(100 bytes)")
Insert[xid=709] rel=16406 new=("5503","wwwwwwwwwwwwwwwwwwww...(100 bytes)")
Insert[xid=709] rel=16406 new=("5504","wwwwwwwwwwwwwwwwwwww...(100 bytes)")
Insert[xid=709] rel=16406 new=("5505","wwwwwwwwwwwwwwwwwwww...(100 bytes)")
Insert[xid=709] rel=16406 new=("5506","wwwwwwwwwwwwwwwwwwww...(100 bytes)")
Insert[xid=709] rel=16406 new=("5507","wwwwwwwwwwwwwwwwwwww...(100 bytes)")
Insert[xid=709] rel=16406 new=("5508","wwwwwwwwwwwwwwwwwwww...(100 bytes)")
Insert[xid=709] rel=16406 new=("5509","wwwwwwwwwwwwwwwwwwww...(100 bytes)")
Insert[xid=709] rel=16406 new=("5510","wwwwwwwwwwwwwwwwwwww...(100 bytes)")
Insert[xid=709] rel=16406 new=("5511","wwwwwwwwwwwwwwwwwwww...(100 bytes)")
Insert[xid=709] rel=16406 new=("5512","wwwwwwwwwwwwwwwwwwww...(100 bytes)")
Insert[xid=709] rel=16406 new=("5513","wwwwwwwwwwwwwwwwwwww...(100 bytes)")
Insert[xid=709] rel=16406 new=("5514","wwwwwwwwwwwwwwwwwwww...(100 bytes)")
Insert[xid=709] rel=16406 new=("5515","wwwwwwwwwwwwwwwwwwww...(100 bytes)")
Insert[xid=709] rel=16406 new=("5516","wwwwwwwwwwwwwwwwwwww...(100 bytes)")
Insert[xid=709] rel=16406 new=("5517","wwwwwwwwwwwwwwwwwwww...(100 bytes)")
Insert[xid=709] rel=16406 new=("5518","wwwwwwwwwwwwwwwwwwww...(100 bytes)")
Insert[xid=709] rel=16406 new=("5519","wwwwwwwwwwwwwwwwwwww...(100 bytes)")
Insert[xid=709] rel=16406 new=("5520","wwwwwwwwwwwwwwwwwwww...(100 bytes)")
Insert[xid=709] rel=16406 new=("5521","wwwwwwwwwwwwwwwwwwww...(100 bytes)")
Insert[xid=709] rel=16406 new=("5522","wwwwwwwwwwwwwwwwwwww...(100 bytes)")
Insert[xid=709] rel=16406 new=("5523","wwwwwwwwwwwwwwwwwwww...(100 bytes)")
Insert[xid=709] rel=16406 new=("5524","wwwwwwwwwwwwwwwwwwww...(100 bytes)")
Insert[xid=709] rel=16406 new=("5525","wwwwwwwwwwwwwwwwwwww...(100 bytes)")
Insert[xid=709] rel=16406 new=("5526","wwwwwwwwwwwwwwwwwwww...(100 bytes)")
Insert[xid=709] rel=16406 new=("5527","wwwwwwwwwwwwwwwwwwww...(100 bytes)")
Insert[xid=709] rel=16406 new=("5528","wwwwwwwwwwwwwwwwwwww...(100 bytes)")
Insert[xid=709] rel=16406 new=("5529","wwwwwwwwwwwwwwwwwwww...(100 bytes)")
Insert[xid=709] rel=16406 new=("5530","wwwwwwwwwwwwwwwwwwww...(100 bytes)")
Insert[xid=709] rel=16406 new=("5531","wwwwwwwwwwwwwwwwwwww...(100 bytes)")
Insert[xid=709] rel=16406 new=("5532","wwwwwwwwwwwwwwwwwwww...(100 bytes)")
Insert[xid=709] rel=16406 new=("5533","wwwwwwwwwwwwwwwwwwww...(100 bytes)")
Insert[xid=709] rel=16406 new=("5534","wwwwwwwwwwwwwwwwwwww...(100 bytes)")
Insert[xid=709] rel=16406 new=("5535","wwwwwwwwwwwwwwwwwwww...(100 bytes)")
Insert[xid=709] rel=16406 new=("5536","wwwwwwwwwwwwwwwwwwww...(100 bytes)")
Insert[xid=709] rel=16406 new=("5537","wwwwwwwwwwwwwwwwwwww...(100 bytes)")
Insert[xid=709] rel=16406 new=("5538","wwwwwwwwwwwwwwwwwwww...(100 bytes)")
Insert[xid=709] rel=16406 new=("5539","wwwwwwwwwwwwwwwwwwww...(100 bytes)")
Insert[xid=709] rel=16406 new=("5540","wwwwwwwwwwwwwwwwwwww...(100 bytes)")
Insert[xid=709] rel=16406 new=("5541","wwwwwwwwwwwwwwwwwwww...(100 bytes)")
Insert[xid=709] rel=16406 new=("5542","wwwwwwwwwwwwwwwwwwww...(100 bytes)")
Insert[xid=709] rel=16406 new=("5543","wwwwwwwwwwwwwwwwwwww...(100 bytes)")
Insert[xid=709] rel=16406 new=("5544","wwwwwwwwwwwwwwwwwwww...(100 bytes)")
Insert[xid=709] rel=16406 new=("5545","wwwwwwwwwwwwwwwwwwww...(100 bytes)")
Insert[xid=709] rel=16406 new=("5546","wwwwwwwwwwwwwwwwwwww...(100 bytes)")
Insert[xid=709] rel=16406 new=("5547","wwwwwwwwwwwwwwwwwwww...(100 bytes)")
Insert[xid=709] rel=16406 new=("5548","wwwwwwwwwwwwwwwwwwww...(100 bytes)")
Insert[xid=709] rel=16406 new=("5549","wwwwwwwwwwwwwwwwwwww...(100 bytes)")
Insert[xid=709] rel=16406 new=("5550","wwwwwwwwwwwwwwwwwwww...(100 bytes)")
Insert[xid=709] rel=16406 new=("5551","wwwwwwwwwwwwwwwwwwww...(100 bytes)")
Insert[xid=709] rel=16406 new=("5552","wwwwwwwwwwwwwwwwwwww...(100 bytes)")
Insert[xid=709] rel=16406 new=("5553","wwwwwwwwwwwwwwwwwwww...(100 bytes)")
Insert[xid=709] rel=16406 new=("5554","wwwwwwwwwwwwwwwwwwww...(100 bytes)")
Insert[xid=709] rel=16406 new=("5555","wwwwwwwwwwwwwwwwwwww...(100 bytes)")
Insert[xid=709] rel=16406 new=("5556","wwwwwwwwwwwwwwwwwwww...(100 bytes)")
Insert[xid=709] rel=16406 new=("5557","wwwwwwwwwwwwwwwwwwww...(100 bytes)")
Insert[xid=709] rel=16406 new=("5558","wwwwwwwwwwwwwwwwwwww...(100 bytes)")
Insert[xid=709] rel=16406 new=("5559","wwwwwwwwwwwwwwwwwwww...(100 bytes)")
Insert[xid=709] rel=16406 new=("5560","wwwwwwwwwwwwwwwwwwww...(100 bytes)")
Insert[xid=709] rel=16406 new=("5561","wwwwwwwwwwwwwwwwwwww...(100 bytes)")
Insert[xid=709] rel=16406 new=("5562","wwwwwwwwwwwwwwwwwwww...(100 bytes)")
StreamStop
StreamAbort xid=708 subxid=709 lsn=181EA58
StreamStart xid=708 first=false
Relation[xid=710] id=16406 public.s identity=d cols=[*id:23(-1) v:25(-1)]
Insert[xid=710] rel=16406 new=("9001","after")
StreamStop
StreamCommit xid=708 flags=0 lsn=181EAE0 end=181EB18
Message transactional=false lsn=181EB58 prefix=pgshard content="end"
